Component: ARM Compiler 5.05 update 2 (build 169) Tool: armlink [4d0f33]

==============================================================================

Section Cross References

    app.o(.text) refers to os_time.o(.text) for OSTimeDly
    app.o(.text) refers to bsp.o(.text) for BSP_SW_Read
    app.o(.text) refers to os_q.o(.text) for OSQPost
    app.o(.text) refers to os_mutex.o(.text) for OSMutexPend
    app.o(.text) refers to cpu_bsp.o(.text) for CPU_TS_TmrRd
    app.o(.text) refers to bsp_lcd.o(.text) for BSP_LCD_Write
    app.o(.text) refers to os_task.o(.text) for OSTaskCreate
    app.o(.text) refers to bsp_uart.o(.text) for BSP_UART_Init
    app.o(.text) refers to os_stat.o(.text) for OSStatTaskCPUUsageInit
    app.o(.text) refers to cpu_core.o(.text) for CPU_IntDisMeasMaxCurReset
    app.o(.text) refers to lib_mem.o(.text) for Mem_Init
    app.o(.text) refers to lib_math.o(.text) for Math_Init
    app.o(.text) refers to bsp_int.o(.text) for BSP_IntDisAll
    app.o(.text) refers to os_core.o(.text) for OSInit
    app.o(.text) refers to app.o(.bss) for AppQ
    app.o(.text) refers to app.o(.data) for App_TSI_SliderPosPct
    os_app_hooks.o(.text) refers to cpu_a.o(.text) for CPU_SR_Save
    os_app_hooks.o(.text) refers to cpu_core.o(.text) for CPU_IntDisMeasStart
    os_app_hooks.o(.text) refers to os_var.o(.data) for OS_AppTaskCreateHookPtr
    bsp.o(.text) refers to bsp_int.o(.text) for BSP_IntVectSet
    bsp.o(.text) refers to cpu_a.o(.text) for CPU_SR_Save
    bsp.o(.text) refers to cpu_core.o(.text) for CPU_IntDisMeasStart
    bsp.o(.text) refers to bsp.o(.bss) for BSP_TSI_Slider
    bsp.o(.text) refers to aeabi_sdiv.o(.text) for __aeabi_uidivmod
    bsp.o(.text) refers to os_cpu_c.o(.text) for OS_CPU_SysTickInit
    bsp.o(.text) refers to bsp.o(.data) for BSP_CPU_ClkFreq_MHz
    bsp.o(.text) refers to os_cfg_app.o(.constdata) for OSCfg_TickRate_Hz
    bsp_int.o(.text) refers to cpu_c.o(.text) for CPU_IntSrcDis
    bsp_int.o(.text) refers to cpu_a.o(.text) for CPU_IntDis
    bsp_int.o(.text) refers to cpu_core.o(.text) for CPU_IntDisMeasStart
    bsp_int.o(.text) refers to os_core.o(.text) for OSIntEnter
    bsp_int.o(.text) refers to bsp_int.o(.bss) for BSP_IntVectTbl
    cpu_bsp.o(.text) refers to bsp.o(.text) for BSP_CPU_ClkFreq
    cpu_bsp.o(.text) refers to cpu_core.o(.text) for CPU_TS_TmrFreqSet
    cpu_bsp.o(.text) refers to lludiv.o(.text) for __aeabi_uldivmod
    bsp_os.o(.text) refers to os_sem.o(.text) for OSSemCreate
    bsp_os.o(.text) refers to aeabi_sdiv.o(.text) for __aeabi_uidivmod
    bsp_os.o(.text) refers to os_time.o(.text) for OSTimeDlyHMSM
    bsp_os.o(.text) refers to os_cfg_app.o(.constdata) for OSCfg_TickRate_Hz
    cstartup.o(STACK) refers (Special) to heapauxi.o(.text) for __use_two_region_memory
    cstartup.o(HEAP) refers (Special) to heapauxi.o(.text) for __use_two_region_memory
    cstartup.o(RESET) refers (Special) to heapauxi.o(.text) for __use_two_region_memory
    cstartup.o(RESET) refers to cstartup.o(STACK) for __initial_sp
    cstartup.o(RESET) refers to cstartup.o(.text) for App_Reset_ISR
    cstartup.o(RESET) refers to os_cpu_a.o(.text) for OS_CPU_PendSVHandler
    cstartup.o(RESET) refers to os_cpu_c.o(.text) for OS_CPU_SysTickHandler
    cstartup.o(RESET) refers to bsp_int.o(.text) for BSP_IntHandlerDMA0
    cstartup.o(.ARM.__at_0x400) refers (Special) to heapauxi.o(.text) for __use_two_region_memory
    cstartup.o(.text) refers (Special) to heapauxi.o(.text) for __use_two_region_memory
    cstartup.o(.text) refers to __main.o(!!!main) for __main
    cstartup.o(.text) refers to cstartup.o(HEAP) for Heap_Mem
    cstartup.o(.text) refers to cstartup.o(STACK) for Stack_Mem
    bsp_lcd.o(.text) refers to bsp_lcd.o(.data) for BSP_LCD_WFRL
    bsp_uart.o(.text) refers to aeabi_sdiv.o(.text) for __aeabi_uidivmod
    bsp_uart.o(.text) refers to bsp_int.o(.text) for BSP_IntEn
    bsp_uart.o(.text) refers to c89vsprintf.o(.text) for __c89vsprintf
    bsp_uart.o(.text) refers to bsp_uart.o(.constdata) for UART_ARR
    bsp_uart.o(.text) refers to bsp_uart.o(.data) for table_irq_uart
    bsp_mma8451q.o(.text) refers to _printf_percent.o(.ARM.Collect$$_printf_percent$$00000000) for _printf_percent
    bsp_mma8451q.o(.text) refers to _printf_d.o(.ARM.Collect$$_printf_percent$$00000009) for _printf_d
    bsp_mma8451q.o(.text) refers to _printf_dec.o(.text) for _printf_int_dec
    bsp_mma8451q.o(.text) refers to bsp_i2c.o(.text) for BSP_I2C_Start
    bsp_mma8451q.o(.text) refers to __2printf.o(.text) for __2printf
    bsp_mma8451q.o(.text) refers to bsp_mma8451q.o(.data) for accel_x
    lib_math.o(.text) refers to cpu_a.o(.text) for CPU_SR_Save
    lib_math.o(.text) refers to cpu_core.o(.text) for CPU_IntDisMeasStart
    lib_math.o(.text) refers to lib_math.o(.data) for Math_RandSeedCur
    lib_mem.o(.text) refers to cpu_a.o(.text) for CPU_SR_Save
    lib_mem.o(.text) refers to cpu_core.o(.text) for CPU_IntDisMeasStart
[...]
    _printf_llo                              0x000001b9   Thumb Code     0  _printf_llo.o(.ARM.Collect$$_printf_percent$$00000010)
    _printf_llx                              0x000001c3   Thumb Code     0  _printf_llx.o(.ARM.Collect$$_printf_percent$$00000011)
    _printf_l                                0x000001cd   Thumb Code     0  _printf_l.o(.ARM.Collect$$_printf_percent$$00000012)
    _printf_c                                0x000001d7   Thumb Code     0  _printf_c.o(.ARM.Collect$$_printf_percent$$00000013)
    _printf_s                                0x000001e1   Thumb Code     0  _printf_s.o(.ARM.Collect$$_printf_percent$$00000014)
    _printf_lc                               0x000001eb   Thumb Code     0  _printf_lc.o(.ARM.Collect$$_printf_percent$$00000015)
    _printf_ls                               0x000001f5   Thumb Code     0  _printf_ls.o(.ARM.Collect$$_printf_percent$$00000016)
    _printf_percent_end                      0x000001ff   Thumb Code     0  _printf_percent_end.o(.ARM.Collect$$_printf_percent$$00000017)
    __rt_lib_init                            0x00000203   Thumb Code     0  libinit.o(.ARM.Collect$$libinit$$00000000)
    __rt_lib_init_fp_1                       0x00000205   Thumb Code     0  libinit2.o(.ARM.Collect$$libinit$$00000002)
    __rt_lib_init_heap_1                     0x00000205   Thumb Code     0  libinit2.o(.ARM.Collect$$libinit$$0000000A)
    __rt_lib_init_lc_common                  0x00000205   Thumb Code     0  libinit2.o(.ARM.Collect$$libinit$$0000000F)
    __rt_lib_init_preinit_1                  0x00000205   Thumb Code     0  libinit2.o(.ARM.Collect$$libinit$$00000004)
    __rt_lib_init_rand_1                     0x00000205   Thumb Code     0  libinit2.o(.ARM.Collect$$libinit$$0000000E)
    __rt_lib_init_user_alloc_1               0x00000205   Thumb Code     0  libinit2.o(.ARM.Collect$$libinit$$0000000C)
    __rt_lib_init_lc_collate_1               0x0000020b   Thumb Code     0  libinit2.o(.ARM.Collect$$libinit$$00000011)
    __rt_lib_init_lc_ctype_2                 0x0000020b   Thumb Code     0  libinit2.o(.ARM.Collect$$libinit$$00000012)
    __rt_lib_init_lc_ctype_1                 0x00000217   Thumb Code     0  libinit2.o(.ARM.Collect$$libinit$$00000013)
    __rt_lib_init_lc_monetary_1              0x00000217   Thumb Code     0  libinit2.o(.ARM.Collect$$libinit$$00000015)
    __rt_lib_init_lc_numeric_2               0x00000217   Thumb Code     0  libinit2.o(.ARM.Collect$$libinit$$00000016)
    __rt_lib_init_alloca_1                   0x00000221   Thumb Code     0  libinit2.o(.ARM.Collect$$libinit$$0000002E)
    __rt_lib_init_argv_1                     0x00000221   Thumb Code     0  libinit2.o(.ARM.Collect$$libinit$$0000002C)
    __rt_lib_init_atexit_1                   0x00000221   Thumb Code     0  libinit2.o(.ARM.Collect$$libinit$$0000001B)
    __rt_lib_init_clock_1                    0x00000221   Thumb Code     0  libinit2.o(.ARM.Collect$$libinit$$00000021)
    __rt_lib_init_cpp_1                      0x00000221   Thumb Code     0  libinit2.o(.ARM.Collect$$libinit$$00000032)
    __rt_lib_init_exceptions_1               0x00000221   Thumb Code     0  libinit2.o(.ARM.Collect$$libinit$$00000030)
    __rt_lib_init_fp_trap_1                  0x00000221   Thumb Code     0  libinit2.o(.ARM.Collect$$libinit$$0000001F)
    __rt_lib_init_getenv_1                   0x00000221   Thumb Code     0  libinit2.o(.ARM.Collect$$libinit$$00000023)
    __rt_lib_init_lc_numeric_1               0x00000221   Thumb Code     0  libinit2.o(.ARM.Collect$$libinit$$00000017)
    __rt_lib_init_lc_time_1                  0x00000221   Thumb Code     0  libinit2.o(.ARM.Collect$$libinit$$00000019)
    __rt_lib_init_return                     0x00000221   Thumb Code     0  libinit2.o(.ARM.Collect$$libinit$$00000033)
    __rt_lib_init_signal_1                   0x00000221   Thumb Code     0  libinit2.o(.ARM.Collect$$libinit$$0000001D)
    __rt_lib_init_stdio_1                    0x00000221   Thumb Code     0  libinit2.o(.ARM.Collect$$libinit$$00000025)
    __rt_lib_shutdown                        0x00000223   Thumb Code     0  libshutdown.o(.ARM.Collect$$libshutdown$$00000000)
    __rt_lib_shutdown_fp_trap_1              0x00000225   Thumb Code     0  libshutdown2.o(.ARM.Collect$$libshutdown$$00000006)
    __rt_lib_shutdown_heap_1                 0x00000225   Thumb Code     0  libshutdown2.o(.ARM.Collect$$libshutdown$$0000000E)
    __rt_lib_shutdown_return                 0x00000225   Thumb Code     0  libshutdown2.o(.ARM.Collect$$libshutdown$$0000000F)
    __rt_lib_shutdown_signal_1               0x00000225   Thumb Code     0  libshutdown2.o(.ARM.Collect$$libshutdown$$00000009)
    __rt_lib_shutdown_stdio_1                0x00000225   Thumb Code     0  libshutdown2.o(.ARM.Collect$$libshutdown$$00000003)
    __rt_lib_shutdown_user_alloc_1           0x00000225   Thumb Code     0  libshutdown2.o(.ARM.Collect$$libshutdown$$0000000B)
    __rt_entry                               0x00000227   Thumb Code     0  __rtentry.o(.ARM.Collect$$rtentry$$00000000)
    __rt_entry_presh_1                       0x00000227   Thumb Code     0  __rtentry2.o(.ARM.Collect$$rtentry$$00000002)
    __rt_entry_sh                            0x00000227   Thumb Code     0  __rtentry4.o(.ARM.Collect$$rtentry$$00000004)
    __rt_entry_li                            0x0000022d   Thumb Code     0  __rtentry2.o(.ARM.Collect$$rtentry$$0000000A)
    __rt_entry_postsh_1                      0x0000022d   Thumb Code     0  __rtentry2.o(.ARM.Collect$$rtentry$$00000009)
    __rt_entry_main                          0x00000231   Thumb Code     0  __rtentry2.o(.ARM.Collect$$rtentry$$0000000D)
    __rt_entry_postli_1                      0x00000231   Thumb Code     0  __rtentry2.o(.ARM.Collect$$rtentry$$0000000C)
    __rt_exit                                0x00000239   Thumb Code     0  rtexit.o(.ARM.Collect$$rtexit$$00000000)
    __rt_exit_ls                             0x0000023b   Thumb Code     0  rtexit2.o(.ARM.Collect$$rtexit$$00000003)
    __rt_exit_prels_1                        0x0000023b   Thumb Code     0  rtexit2.o(.ARM.Collect$$rtexit$$00000002)
    __rt_exit_exit                           0x0000023f   Thumb Code     0  rtexit2.o(.ARM.Collect$$rtexit$$00000004)
    CPU_TS_TmrInit                           0x00000245   Thumb Code    18  cpu_bsp.o(.text)
    CPU_TS_TmrRd                             0x00000257   Thumb Code     4  cpu_bsp.o(.text)
    CPU_TS32_to_uSec                         0x0000025b   Thumb Code    54  cpu_bsp.o(.text)
    App_Reset_ISR                            0x00000295   Thumb Code    10  cstartup.o(.text)
    App_NMI_ISR                              0x0000029f   Thumb Code     2  cstartup.o(.text)
    App_Fault_ISR                            0x000002a1   Thumb Code     2  cstartup.o(.text)
    App_Spurious_ISR                         0x000002a3   Thumb Code     2  cstartup.o(.text)
    __user_initial_stackheap                 0x000002a5   Thumb Code     0  cstartup.o(.text)
    Math_RandSetSeed                         0x000002c5   Thumb Code    48  lib_math.o(.text)
    Math_Init                                0x000002f5   Thumb Code    10  lib_math.o(.text)
    Math_RandSeed                            0x000002ff   Thumb Code    16  lib_math.o(.text)
    Math_Rand                                0x0000030f   Thumb Code    60  lib_math.o(.text)
    OSCfg_Init                               0x00000359   Thumb Code     2  os_cfg_app.o(.text)
    OS_PrioInit                              0x0000035d   Thumb Code    20  os_prio.o(.text)
    OS_PrioGetHighest                        0x00000371   Thumb Code    36  os_prio.o(.text)
    OS_PrioInsert                            0x00000395   Thumb Code    36  os_prio.o(.text)
    OS_PrioRemove                            0x000003b9   Thumb Code    36  os_prio.o(.text)
    CPU_IntDis                               0x000003e1   Thumb Code     0  cpu_a.o(.text)
    CPU_IntEn                                0x000003e5   Thumb Code     0  cpu_a.o(.text)
    CPU_SR_Save                              0x000003e9   Thumb Code     0  cpu_a.o(.text)
    CPU_SR_Restore                           0x000003f1   Thumb Code     0  cpu_a.o(.text)
    CPU_WaitForInt                           0x000003f7   Thumb Code     0  cpu_a.o(.text)
    CPU_WaitForExcept                        0x000003fb   Thumb Code     0  cpu_a.o(.text)
    __I$use$semihosting                      0x000003ff   Thumb Code     0  use_no_semi.o(.text)
    __use_no_semihosting_swi                 0x000003ff   Thumb Code     2  use_no_semi.o(.text)
    main                                     0x00000657   Thumb Code   110  app.o(.text)
    BSP_LED_Off                              0x00000a49   Thumb Code    96  bsp.o(.text)
    BSP_CPU_ClkFreq                          0x00000bef   Thumb Code     4  bsp.o(.text)
    BSP_Init                                 0x00000bf3   Thumb Code   110  bsp.o(.text)
    BSP_Tick_Init                            0x00000c61   Thumb Code    28  bsp.o(.text)
    BSP_LED_On                               0x00000c7d   Thumb Code    88  bsp.o(.text)
    BSP_LED_Toggle                           0x00000cd5   Thumb Code    88  bsp.o(.text)
    BSP_SW_Read                              0x00000d2d   Thumb Code    86  bsp.o(.text)
    BSP_TSI_SliderRead                       0x00000d83   Thumb Code   206  bsp.o(.text)
    BSP_Timer_Dly                            0x00000e51   Thumb Code   138  bsp.o(.text)
    BSP_IntClr                               0x00000f09   Thumb Code     2  bsp_int.o(.text)
    BSP_IntDis                               0x00000f0b   Thumb Code    20  bsp_int.o(.text)
    BSP_IntDisAll                            0x00000f1f   Thumb Code     8  bsp_int.o(.text)
    BSP_IntEn                                0x00000f27   Thumb Code    20  bsp_int.o(.text)
    BSP_IntVectSet                           0x00000f3b   Thumb Code    56  bsp_int.o(.text)
    BSP_IntPrioSet                           0x00000f73   Thumb Code    62  bsp_int.o(.text)
    BSP_IntInit                              0x00000fb3   Thumb Code    22  bsp_int.o(.text)
    BSP_IntHandlerDMA0                       0x0000100d   Thumb Code    10  bsp_int.o(.text)
    BSP_IntHandlerDMA1                       0x00001017   Thumb Code    10  bsp_int.o(.text)
    BSP_IntHandlerDMA2                       0x00001021   Thumb Code    10  bsp_int.o(.text)
    BSP_IntHandlerDMA3                       0x0000102b   Thumb Code    10  bsp_int.o(.text)
    BSP_IntHandlerRSVD4                      0x00001035   Thumb Code    10  bsp_int.o(.text)
    BSP_IntHandlerFTFA                       0x0000103f   Thumb Code    10  bsp_int.o(.text)
    BSP_IntHandlerLVD                        0x00001049   Thumb Code    10  bsp_int.o(.text)
    BSP_IntHandlerLLWU                       0x00001053   Thumb Code    10  bsp_int.o(.text)
    BSP_IntHandlerI2C0                       0x0000105d   Thumb Code    10  bsp_int.o(.text)
    BSP_IntHandlerI2C1                       0x00001067   Thumb Code    10  bsp_int.o(.text)
    BSP_IntHandlerSPI0                       0x00001071   Thumb Code    10  bsp_int.o(.text)
    BSP_IntHandlerSPI1                       0x0000107b   Thumb Code    10  bsp_int.o(.text)
    BSP_IntHandlerUART0_RX_TX                0x00001085   Thumb Code    10  bsp_int.o(.text)
    BSP_IntHandlerUART1_RX_TX                0x0000108f   Thumb Code    10  bsp_int.o(.text)
    BSP_IntHandlerUART2_RX_TX                0x00001099   Thumb Code    10  bsp_int.o(.text)
    BSP_IntHandlerADC0                       0x000010a3   Thumb Code    10  bsp_int.o(.text)
    BSP_IntHandlerCMP0                       0x000010ad   Thumb Code    10  bsp_int.o(.text)
    BSP_IntHandlerTPM0                       0x000010b7   Thumb Code    10  bsp_int.o(.text)
    BSP_IntHandlerTPM1                       0x000010c1   Thumb Code    10  bsp_int.o(.text)
    BSP_IntHandlerTPM2                       0x000010cb   Thumb Code    10  bsp_int.o(.text)
    BSP_IntHandlerRTC_ALARM                  0x000010d5   Thumb Code    10  bsp_int.o(.text)
    BSP_IntHandlerRTC_SECONDS                0x000010df   Thumb Code    10  bsp_int.o(.text)
    BSP_IntHandlerPIT                        0x000010e9   Thumb Code    10  bsp_int.o(.text)
    BSP_IntHandlerI2S0                       0x000010f3   Thumb Code    10  bsp_int.o(.text)
    BSP_IntHandlerUSB_OTG                    0x000010fd   Thumb Code    10  bsp_int.o(.text)
    BSP_IntHandlerDAC0                       0x00001107   Thumb Code    10  bsp_int.o(.text)
    BSP_IntHandlerTSI0                       0x00001111   Thumb Code    10  bsp_int.o(.text)
    BSP_IntHandlerMCG                        0x0000111b   Thumb Code    10  bsp_int.o(.text)
    BSP_IntHandlerLPTMR0                     0x00001125   Thumb Code    10  bsp_int.o(.text)
    BSP_IntHandlerSLCD                       0x0000112f   Thumb Code    10  bsp_int.o(.text)
    BSP_IntHandlerPORT_A                     0x00001139   Thumb Code    10  bsp_int.o(.text)
    BSP_IntHandlerPORT_C_D                   0x00001143   Thumb Code    10  bsp_int.o(.text)
    BSP_LCD_Clear                            0x00001155   Thumb Code   110  bsp_lcd.o(.text)
    BSP_LCD_Init                             0x000011c3   Thumb Code   240  bsp_lcd.o(.text)
    BSP_LCD_Write                            0x000012b3   Thumb Code   384  bsp_lcd.o(.text)
    BSP_UART_Init                            0x0000149f   Thumb Code   364  bsp_uart.o(.text)
    BSP_UART_Send1                           0x0000160b   Thumb Code    74  bsp_uart.o(.text)
    BSP_UART_sendN                           0x00001655   Thumb Code    48  bsp_uart.o(.text)
    BSP_UART_Send_String                     0x00001685   Thumb Code    44  bsp_uart.o(.text)
    BSP_UART_Re1                             0x000016b1   Thumb Code    82  bsp_uart.o(.text)
    BSP_UART_ReN                             0x00001703   Thumb Code    54  bsp_uart.o(.text)
    BSP_UART_Enable_Re_Int                   0x00001739   Thumb Code    46  bsp_uart.o(.text)
    BSP_UART_Disable_Re_Int                  0x00001767   Thumb Code    46  bsp_uart.o(.text)
    uart_printf                              0x00001795   Thumb Code    40  bsp_uart.o(.text)
    ASCII_IsAlpha                            0x000017e5   Thumb Code    48  lib_ascii.o(.text)
    ASCII_IsAlphaNum                         0x00001815   Thumb Code    76  lib_ascii.o(.text)
    ASCII_IsLower                            0x00001861   Thumb Code    20  lib_ascii.o(.text)
    ASCII_IsUpper                            0x00001875   Thumb Code    20  lib_ascii.o(.text)
    ASCII_IsDig                              0x00001889   Thumb Code    20  lib_ascii.o(.text)
    ASCII_IsDigOct                           0x0000189d   Thumb Code    20  lib_ascii.o(.text)
    ASCII_IsDigHex                           0x000018b1   Thumb Code    36  lib_ascii.o(.text)
    ASCII_IsBlank                            0x000018d5   Thumb Code    20  lib_ascii.o(.text)
    ASCII_IsSpace                            0x000018e9   Thumb Code    36  lib_ascii.o(.text)
    ASCII_IsPrint                            0x0000190d   Thumb Code    20  lib_ascii.o(.text)
    ASCII_IsGraph                            0x00001921   Thumb Code    20  lib_ascii.o(.text)
    ASCII_IsPunct                            0x00001935   Thumb Code   138  lib_ascii.o(.text)
    ASCII_IsCtrl                             0x000019bf   Thumb Code    26  lib_ascii.o(.text)
    ASCII_ToLower                            0x000019d9   Thumb Code    32  lib_ascii.o(.text)
    ASCII_ToUpper                            0x000019f9   Thumb Code    32  lib_ascii.o(.text)
    ASCII_Cmp                                0x00001a19   Thumb Code    38  lib_ascii.o(.text)
    Mem_SegCreate                            0x00001a5d   Thumb Code    72  lib_mem.o(.text)
    Mem_Init                                 0x00001aa5   Thumb Code    50  lib_mem.o(.text)
    Mem_Set                                  0x00001ad7   Thumb Code    86  lib_mem.o(.text)
    Mem_Clr                                  0x00001b2d   Thumb Code    18  lib_mem.o(.text)
    Mem_Copy                                 0x00001b3f   Thumb Code   118  lib_mem.o(.text)
    Mem_Move                                 0x00001bb5   Thumb Code   184  lib_mem.o(.text)
    Mem_Cmp                                  0x00001c6d   Thumb Code   200  lib_mem.o(.text)
    Mem_HeapAlloc                            0x00001e27   Thumb Code    80  lib_mem.o(.text)
    Mem_SegRemSizeGet                        0x00001e77   Thumb Code   134  lib_mem.o(.text)
    Mem_HeapGetSizeRem                       0x00001efd   Thumb Code    38  lib_mem.o(.text)
    Mem_SegClr                               0x00001f23   Thumb Code    56  lib_mem.o(.text)
    Mem_SegAlloc                             0x00001f5b   Thumb Code    46  lib_mem.o(.text)
    Mem_SegAllocExt                          0x00001f89   Thumb Code    46  lib_mem.o(.text)
    Mem_SegAllocHW                           0x00001fb7   Thumb Code    42  lib_mem.o(.text)
    Mem_PoolClr                              0x00002033   Thumb Code    22  lib_mem.o(.text)
    Mem_PoolCreate                           0x00002049   Thumb Code   376  lib_mem.o(.text)
    Mem_PoolBlkGet                           0x000021c1   Thumb Code    98  lib_mem.o(.text)
    Mem_PoolBlkFree                          0x00002223   Thumb Code   174  lib_mem.o(.text)
    Mem_PoolBlkGetNbrAvail                   0x000022d1   Thumb Code    54  lib_mem.o(.text)
    Mem_DynPoolCreate                        0x000023cb   Thumb Code    42  lib_mem.o(.text)
    Mem_DynPoolCreateHW                      0x000023f5   Thumb Code    42  lib_mem.o(.text)
    Mem_DynPoolBlkGet                        0x0000241f   Thumb Code   210  lib_mem.o(.text)
    Mem_DynPoolBlkFree                       0x000024f1   Thumb Code   140  lib_mem.o(.text)
    Mem_DynPoolBlkNbrAvailGet                0x0000257d   Thumb Code    74  lib_mem.o(.text)
    Str_Len_N                                0x000025d1   Thumb Code    32  lib_str.o(.text)
    Str_Len                                  0x000025f1   Thumb Code    20  lib_str.o(.text)
    Str_Copy_N                               0x00002605   Thumb Code    82  lib_str.o(.text)
    Str_Copy                                 0x00002657   Thumb Code    24  lib_str.o(.text)
    Str_Cat_N                                0x0000266f   Thumb Code   108  lib_str.o(.text)
    Str_Cat                                  0x000026db   Thumb Code    24  lib_str.o(.text)
    Str_Cmp_N                                0x000026f3   Thumb Code   188  lib_str.o(.text)
    Str_Cmp                                  0x000027af   Thumb Code    24  lib_str.o(.text)
    Str_CmpIgnoreCase_N                      0x000027c7   Thumb Code   270  lib_str.o(.text)
    Str_CmpIgnoreCase                        0x000028d5   Thumb Code    24  lib_str.o(.text)
    Str_Char_N                               0x000028ed   Thumb Code    82  lib_str.o(.text)
    Str_Char                                 0x0000293f   Thumb Code    24  lib_str.o(.text)
    Str_Char_Last_N                          0x00002957   Thumb Code    78  lib_str.o(.text)
    Str_Char_Last                            0x000029a5   Thumb Code    24  lib_str.o(.text)
    Str_Char_Replace_N                       0x000029bd   Thumb Code    56  lib_str.o(.text)
    Str_Char_Replace                         0x000029f5   Thumb Code    28  lib_str.o(.text)
    Str_Str_N                                0x00002a11   Thumb Code   192  lib_str.o(.text)
    Str_Str                                  0x00002ad1   Thumb Code    24  lib_str.o(.text)
    Str_FmtNbr_Int32U                        0x00002cdf   Thumb Code    36  lib_str.o(.text)
    Str_FmtNbr_Int32S                        0x00002d03   Thumb Code    56  lib_str.o(.text)
    Str_ParseNbr_Int32U                      0x00002f03   Thumb Code    30  lib_str.o(.text)
    Str_ParseNbr_Int32S                      0x00002f21   Thumb Code    66  lib_str.o(.text)
    OS_IdleTask                              0x00002f6d   Thumb Code    66  os_core.o(.text)
    OS_IdleTaskInit                          0x00002faf   Thumb Code    66  os_core.o(.text)
    OS_RdyListInit                           0x00002ff1   Thumb Code    30  os_core.o(.text)
    OSInit                                   0x0000300f   Thumb Code   310  os_core.o(.text)
    OSIntEnter                               0x00003145   Thumb Code    34  os_core.o(.text)
    OSIntExit                                0x00003167   Thumb Code   188  os_core.o(.text)
    OSSched                                  0x00003223   Thumb Code   128  os_core.o(.text)
    OS_SchedLockTimeMeasStart                0x000032a3   Thumb Code    20  os_core.o(.text)
    OSSchedLock                              0x000032b7   Thumb Code   106  os_core.o(.text)
    OS_SchedLockTimeMeasStop                 0x00003321   Thumb Code    46  os_core.o(.text)
    OSSchedUnlock                            0x0000334f   Thumb Code   298  os_core.o(.text)
    OSStart                                  0x00003479   Thumb Code    76  os_core.o(.text)
    OSVersion                                0x000034c5   Thumb Code    10  os_core.o(.text)
    OS_PendDbgNameAdd                        0x000034cf   Thumb Code    68  os_core.o(.text)
    OS_PendListInsertPrio                    0x00003513   Thumb Code   106  os_core.o(.text)
    OS_PendDataInit                          0x0000357d   Thumb Code    38  os_core.o(.text)
    OS_RdyListRemove                         0x000035a3   Thumb Code    86  os_core.o(.text)
    OS_TaskBlock                             0x000035f9   Thumb Code    42  os_core.o(.text)
    OS_Pend                                  0x00003623   Thumb Code    98  os_core.o(.text)
    OS_PendListRemove1                       0x00003685   Thumb Code    66  os_core.o(.text)
    OS_PendListRemove                        0x000036c7   Thumb Code    44  os_core.o(.text)
    OS_PendAbort1                            0x000036f3   Thumb Code    36  os_core.o(.text)
    OS_RdyListInsertHead                     0x00003717   Thumb Code    58  os_core.o(.text)
    OS_RdyListInsertTail                     0x00003751   Thumb Code    56  os_core.o(.text)
    OS_RdyListInsert                         0x00003789   Thumb Code    40  os_core.o(.text)
    OS_PendAbort                             0x000037b1   Thumb Code   274  os_core.o(.text)
    OS_PendDbgNameRemove                     0x000038c3   Thumb Code    32  os_core.o(.text)
    OS_PendListChangePrio                    0x000038e3   Thumb Code    62  os_core.o(.text)
    OS_PendListInit                          0x00003921   Thumb Code    10  os_core.o(.text)
    OS_PendListInsertHead                    0x0000392b   Thumb Code    34  os_core.o(.text)
    OS_PendObjDel1                           0x0000394d   Thumb Code    36  os_core.o(.text)
    OS_PendObjDel                            0x00003971   Thumb Code   192  os_core.o(.text)
    OS_Post1                                 0x00003a31   Thumb Code    40  os_core.o(.text)
    OS_Post                                  0x00003a59   Thumb Code   224  os_core.o(.text)
    OS_RdyListMoveHeadToTail                 0x00003b39   Thumb Code    70  os_core.o(.text)
    OS_Sched0                                0x00003b7f   Thumb Code    68  os_core.o(.text)
    OS_Dbg_Init                              0x00003bd9   Thumb Code   148  os_dbg.o(.text)
    OS_FlagDbgListAdd                        0x00003d85   Thumb Code    38  os_flag.o(.text)
    OSFlagCreate                             0x00003dab   Thumb Code   196  os_flag.o(.text)
    OS_FlagClr                               0x00003e6f   Thumb Code    28  os_flag.o(.text)
    OS_FlagDbgListRemove                     0x00003e8b   Thumb Code    50  os_flag.o(.text)
    OSFlagDel                                0x00003ebd   Thumb Code   630  os_flag.o(.text)
    OS_FlagBlock                             0x00004133   Thumb Code   106  os_flag.o(.text)
    OSFlagPend                               0x0000419d   Thumb Code  1526  os_flag.o(.text)
    OSFlagPendAbort                          0x00004793   Thumb Code   266  os_flag.o(.text)
    OSFlagPendGetFlagsRdy                    0x0000489d   Thumb Code    74  os_flag.o(.text)
    OS_FlagTaskRdy                           0x000048e7   Thumb Code   102  os_flag.o(.text)
    OS_FlagPost                              0x0000494d   Thumb Code   638  os_flag.o(.text)
    OSFlagPost                               0x00004bcb   Thumb Code    68  os_flag.o(.text)
    OS_FlagInit                              0x00004c0f   Thumb Code    14  os_flag.o(.text)
    OS_IntQPost                              0x00004c3d   Thumb Code   208  os_int.o(.text)
    OS_IntQRePost                            0x00004d0d   Thumb Code   346  os_int.o(.text)
    OS_IntQTask                              0x00004e67   Thumb Code   180  os_int.o(.text)
    OS_IntQTaskInit                          0x00004f1b   Thumb Code   214  os_int.o(.text)
    OS_MemDbgListAdd                         0x00005089   Thumb Code    34  os_mem.o(.text)
    OSMemCreate                              0x000050ab   Thumb Code   250  os_mem.o(.text)
    OSMemGet                                 0x000051a5   Thumb Code    98  os_mem.o(.text)
    OSMemPut                                 0x00005207   Thumb Code   100  os_mem.o(.text)
    OS_MemInit                               0x0000526b   Thumb Code    14  os_mem.o(.text)
    OS_MsgPoolInit                           0x00005291   Thumb Code    80  os_msg.o(.text)
    OS_MsgQFreeAll                           0x000052e1   Thumb Code    62  os_msg.o(.text)
    OS_MsgQInit                              0x0000531f   Thumb Code    14  os_msg.o(.text)
    OS_MsgQGet                               0x0000532d   Thumb Code   100  os_msg.o(.text)
    OS_MsgQPut                               0x00005391   Thumb Code   160  os_msg.o(.text)
    OS_MutexDbgListAdd                       0x00005445   Thumb Code    38  os_mutex.o(.text)
    OSMutexCreate                            0x0000546b   Thumb Code   206  os_mutex.o(.text)
    OS_MutexClr                              0x00005539   Thumb Code    42  os_mutex.o(.text)
    OS_MutexDbgListRemove                    0x00005563   Thumb Code    50  os_mutex.o(.text)
    OSMutexDel                               0x00005595   Thumb Code   918  os_mutex.o(.text)
    OSMutexPend                              0x0000592b   Thumb Code   748  os_mutex.o(.text)
    OSMutexPendAbort                         0x00005c17   Thumb Code   566  os_mutex.o(.text)
    OSMutexPost                              0x00005e4d   Thumb Code   630  os_mutex.o(.text)
    OS_MutexInit                             0x000060c3   Thumb Code    14  os_mutex.o(.text)
    OS_QDbgListAdd                           0x000060d9   Thumb Code    38  os_q.o(.text)
    OSQCreate                                0x000060ff   Thumb Code   200  os_q.o(.text)
    OS_QClr                                  0x000061c7   Thumb Code    40  os_q.o(.text)
    OS_QDbgListRemove                        0x000061ef   Thumb Code    50  os_q.o(.text)
    OSQDel                                   0x00006221   Thumb Code   348  os_q.o(.text)
    OSQFlush                                 0x0000637d   Thumb Code   218  os_q.o(.text)
    OSQPend                                  0x00006457   Thumb Code   542  os_q.o(.text)
    OSQPendAbort                             0x00006675   Thumb Code   266  os_q.o(.text)
    OS_QPost                                 0x0000677f   Thumb Code   418  os_q.o(.text)
    OSQPost                                  0x00006921   Thumb Code    68  os_q.o(.text)
    OS_QInit                                 0x00006965   Thumb Code    14  os_q.o(.text)
    OS_SemDbgListAdd                         0x00006985   Thumb Code    38  os_sem.o(.text)
    OSSemCreate                              0x000069ab   Thumb Code   196  os_sem.o(.text)
    OS_SemClr                                0x00006a6f   Thumb Code    28  os_sem.o(.text)
    OS_SemDbgListRemove                      0x00006a8b   Thumb Code    50  os_sem.o(.text)
    OSSemDel                                 0x00006abd   Thumb Code   348  os_sem.o(.text)
    OSSemPend                                0x00006c19   Thumb Code   532  os_sem.o(.text)
    OSSemPendAbort                           0x00006e2d   Thumb Code   266  os_sem.o(.text)
    OS_SemPost                               0x00006f37   Thumb Code   412  os_sem.o(.text)
    OSSemPost                                0x000070d3   Thumb Code    70  os_sem.o(.text)
    OSSemSet                                 0x00007119   Thumb Code   100  os_sem.o(.text)
    OS_SemInit                               0x0000717d   Thumb Code    14  os_sem.o(.text)
    OSStatReset                              0x000071bd   Thumb Code   328  os_stat.o(.text)
    OSStatTaskCPUUsageInit                   0x00007305   Thumb Code   240  os_stat.o(.text)
    OS_StatTask                              0x000073f5   Thumb Code  1002  os_stat.o(.text)
    OS_StatTaskInit                          0x000077df   Thumb Code   136  os_stat.o(.text)
    OSTaskChangePrio                         0x000078cd   Thumb Code   478  os_task.o(.text)
    OS_TaskDbgListAdd                        0x00007aab   Thumb Code    42  os_task.o(.text)
    OS_TaskInitTCB                           0x00007ad5   Thumb Code   210  os_task.o(.text)
    OSTaskCreate                             0x00007ba7   Thumb Code   582  os_task.o(.text)
    OS_TaskDbgListRemove                     0x00007ded   Thumb Code    72  os_task.o(.text)
    OSTaskDel                                0x00007e35   Thumb Code   508  os_task.o(.text)
    OSTaskQFlush                             0x00008031   Thumb Code   306  os_task.o(.text)
    OSTaskQPend                              0x00008163   Thumb Code   542  os_task.o(.text)
    OSTaskQPendAbort                         0x00008381   Thumb Code   226  os_task.o(.text)
    OS_TaskQPost                             0x00008463   Thumb Code   638  os_task.o(.text)
    OSTaskQPost                              0x000086e1   Thumb Code    68  os_task.o(.text)
    OSTaskRegGet                             0x00008725   Thumb Code    72  os_task.o(.text)
    OSTaskRegGetID                           0x0000876d   Thumb Code    96  os_task.o(.text)
    OSTaskRegSet                             0x000087cd   Thumb Code    72  os_task.o(.text)
    OS_TaskResume                            0x00008815   Thumb Code   422  os_task.o(.text)
    OSTaskResume                             0x000089bb   Thumb Code    88  os_task.o(.text)
    OSTaskSemPend                            0x00008a13   Thumb Code   564  os_task.o(.text)
    OSTaskSemPendAbort                       0x00008c47   Thumb Code   302  os_task.o(.text)
    OS_TaskSemPost                           0x00008d75   Thumb Code  1480  os_task.o(.text)
    OSTaskSemPost                            0x0000933d   Thumb Code    70  os_task.o(.text)
    OSTaskSemSet                             0x00009383   Thumb Code    86  os_task.o(.text)
    OSTaskStkChk                             0x000093d9   Thumb Code   202  os_task.o(.text)
    OS_TaskSuspend                           0x000094a3   Thumb Code   424  os_task.o(.text)
    OSTaskSuspend                            0x0000964b   Thumb Code    76  os_task.o(.text)
    OS_TaskInit                              0x00009697   Thumb Code    18  os_task.o(.text)
    OS_TaskReturn                            0x000096a9   Thumb Code    20  os_task.o(.text)
    OS_TickTask                              0x0000996d   Thumb Code   246  os_tick.o(.text)
    OS_TickTaskInit                          0x00009a63   Thumb Code   222  os_tick.o(.text)
    OS_TickListInsert                        0x00009b41   Thumb Code   134  os_tick.o(.text)
    OS_TickListInsertDly                     0x00009bc7   Thumb Code   178  os_tick.o(.text)
    OS_TickListRemove                        0x00009c79   Thumb Code    94  os_tick.o(.text)
    OS_TickListResetPeak                     0x00009cd7   Thumb Code     2  os_tick.o(.text)
    OSTimeDly                                0x00009ce9   Thumb Code   312  os_time.o(.text)
    OSTimeDlyHMSM                            0x00009e21   Thumb Code   412  os_time.o(.text)
    OSTimeDlyResume                          0x00009fbd   Thumb Code   560  os_time.o(.text)
    OSTimeGet                                0x0000a1ed   Thumb Code    54  os_time.o(.text)
    OSTimeSet                                0x0000a223   Thumb Code    54  os_time.o(.text)
    OSTimeTick                               0x0000a259   Thumb Code    52  os_time.o(.text)
    OS_TmrDbgListAdd                         0x0000a2b7   Thumb Code    34  os_tmr.o(.text)
    OSTmrCreate                              0x0000a2ed   Thumb Code   100  os_tmr.o(.text)
    OS_TmrClr                                0x0000a351   Thumb Code    34  os_tmr.o(.text)
    OS_TmrUnlink                             0x0000a373   Thumb Code    62  os_tmr.o(.text)
    OS_TmrDbgListRemove                      0x0000a3b1   Thumb Code    50  os_tmr.o(.text)
    OSTmrDel                                 0x0000a3e3   Thumb Code   152  os_tmr.o(.text)
    OSTmrRemainGet                           0x0000a47b   Thumb Code   126  os_tmr.o(.text)
    OSTmrStart                               0x0000a4f9   Thumb Code   214  os_tmr.o(.text)
    OSTmrStateGet                            0x0000a5cf   Thumb Code    66  os_tmr.o(.text)
    OSTmrStop                                0x0000a611   Thumb Code   228  os_tmr.o(.text)
    OS_TmrTask                               0x0000a6f5   Thumb Code   138  os_tmr.o(.text)
    OS_TmrInit                               0x0000a77f   Thumb Code   206  os_tmr.o(.text)
    OS_TmrResetPeak                          0x0000a84d   Thumb Code     2  os_tmr.o(.text)
    OSStartHighRdy                           0x0000a8c5   Thumb Code     0  os_cpu_a.o(.text)
    OSCtxSw                                  0x0000a8e3   Thumb Code     0  os_cpu_a.o(.text)
    OSIntCtxSw                               0x0000a8eb   Thumb Code     0  os_cpu_a.o(.text)
    OS_CPU_PendSVHandler                     0x0000a8f3   Thumb Code     0  os_cpu_a.o(.text)
    OSIdleTaskHook                           0x0000a961   Thumb Code    18  os_cpu_c.o(.text)
    OSInitHook                               0x0000a973   Thumb Code    28  os_cpu_c.o(.text)
    OSStatTaskHook                           0x0000a98f   Thumb Code    18  os_cpu_c.o(.text)
    OSTaskCreateHook                         0x0000a9a1   Thumb Code    22  os_cpu_c.o(.text)
    OSTaskDelHook                            0x0000a9b7   Thumb Code    22  os_cpu_c.o(.text)
    OSTaskReturnHook                         0x0000a9cd   Thumb Code    22  os_cpu_c.o(.text)
    OSTaskStkInit                            0x0000a9e3   Thumb Code   108  os_cpu_c.o(.text)
    OSTaskSwHook                             0x0000aa4f   Thumb Code   148  os_cpu_c.o(.text)
    OSTimeTickHook                           0x0000aae3   Thumb Code    18  os_cpu_c.o(.text)
    OS_CPU_SysTickHandler                    0x0000aaf5   Thumb Code    60  os_cpu_c.o(.text)
    OS_CPU_SysTickInit                       0x0000ab31   Thumb Code    46  os_cpu_c.o(.text)
    CPU_IntDisMeasStop                       0x0000abc1   Thumb Code    64  cpu_core.o(.text)
    CPU_IntDisMeasStart                      0x0000ac01   Thumb Code    40  cpu_core.o(.text)
    CPU_NameClr                              0x0000ac29   Thumb Code    50  cpu_core.o(.text)
    CPU_Init                                 0x0000acd9   Thumb Code    16  cpu_core.o(.text)
    CPU_SW_Exception                         0x0000ace9   Thumb Code     4  cpu_core.o(.text)
    CPU_NameGet                              0x0000aced   Thumb Code    82  cpu_core.o(.text)
    CPU_NameSet                              0x0000ad3f   Thumb Code   104  cpu_core.o(.text)
    CPU_TS_Get32                             0x0000ada7   Thumb Code    12  cpu_core.o(.text)
    CPU_TS_Update                            0x0000adb3   Thumb Code     2  cpu_core.o(.text)
    CPU_TS_TmrFreqGet                        0x0000adb5   Thumb Code    34  cpu_core.o(.text)
    CPU_TS_TmrFreqSet                        0x0000add7   Thumb Code     6  cpu_core.o(.text)
    CPU_IntDisMeasMaxCurGet                  0x0000adf5   Thumb Code    40  cpu_core.o(.text)
    CPU_IntDisMeasMaxCurReset                0x0000ae1d   Thumb Code    40  cpu_core.o(.text)
    CPU_IntDisMeasMaxGet                     0x0000ae45   Thumb Code    40  cpu_core.o(.text)
    CPU_CntLeadZeros32                       0x0000ae6d   Thumb Code    62  cpu_core.o(.text)
    CPU_CntLeadZeros                         0x0000aeab   Thumb Code    16  cpu_core.o(.text)
    CPU_CntLeadZeros08                       0x0000aebb   Thumb Code    10  cpu_core.o(.text)
    CPU_CntLeadZeros16                       0x0000aec5   Thumb Code    26  cpu_core.o(.text)
    CPU_CntLeadZeros64                       0x0000aedf   Thumb Code   188  cpu_core.o(.text)
    CPU_CntTrailZeros                        0x0000af9b   Thumb Code    86  cpu_core.o(.text)
    CPU_CntTrailZeros08                      0x0000aff1   Thumb Code    36  cpu_core.o(.text)
    CPU_CntTrailZeros16                      0x0000b015   Thumb Code    36  cpu_core.o(.text)
    CPU_CntTrailZeros32                      0x0000b039   Thumb Code    36  cpu_core.o(.text)
    CPU_CntTrailZeros64                      0x0000b05d   Thumb Code    60  cpu_core.o(.text)
    CPU_BitBandClr                           0x0000b099   Thumb Code    80  cpu_c.o(.text)
    CPU_BitBandSet                           0x0000b0e9   Thumb Code    80  cpu_c.o(.text)
    CPU_IntSrcDis                            0x0000b139   Thumb Code   202  cpu_c.o(.text)
    CPU_IntSrcEn                             0x0000b203   Thumb Code   204  cpu_c.o(.text)
    CPU_IntSrcPendClr                        0x0000b2cf   Thumb Code   154  cpu_c.o(.text)
    CPU_IntSrcPrioSet                        0x0000b369   Thumb Code   382  cpu_c.o(.text)
    CPU_IntSrcPrioGet                        0x0000b4e7   Thumb Code   314  cpu_c.o(.text)
    CPU_RevBits                              0x0000b621   Thumb Code    42  cpu_c.o(.text)
    __aeabi_uldivmod                         0x0000b65d   Thumb Code   258  lludiv.o(.text)
    _ll_udiv                                 0x0000b65d   Thumb Code     0  lludiv.o(.text)
    __c89vsprintf                            0x0000b761   Thumb Code    32  c89vsprintf.o(.text)
    _printf_int_dec                          0x0000b785   Thumb Code    90  _printf_dec.o(.text)
    __printf                                 0x0000b7f1   Thumb Code   386  __printf_flags_ss_wp.o(.text)
    __aeabi_uidiv                            0x0000b979   Thumb Code     0  aeabi_sdiv.o(.text)
    __aeabi_uidivmod                         0x0000b979   Thumb Code    20  aeabi_sdiv.o(.text)
    __aeabi_idiv                             0x0000b98d   Thumb Code     0  aeabi_sdiv.o(.text)
    __aeabi_idivmod                          0x0000b98d   Thumb Code   326  aeabi_sdiv.o(.text)
    __use_two_region_memory                  0x0000bad3   Thumb Code     2  heapauxi.o(.text)
    __rt_heap_escrow                         0x0000bad5   Thumb Code     2  heapauxi.o(.text)
    __rt_heap_expand                         0x0000bad7   Thumb Code     2  heapauxi.o(.text)
    _printf_pre_padding                      0x0000bad9   Thumb Code    44  _printf_pad.o(.text)
    _printf_post_padding                     0x0000bb05   Thumb Code    34  _printf_pad.o(.text)
    _printf_truncate_signed                  0x0000bb27   Thumb Code    18  _printf_truncate.o(.text)
    _printf_truncate_unsigned                0x0000bb39   Thumb Code    18  _printf_truncate.o(.text)
    _printf_str                              0x0000bb4b   Thumb Code    82  _printf_str.o(.text)
    _printf_int_common                       0x0000bb9d   Thumb Code   176  _printf_intcommon.o(.text)
    _printf_charcount                        0x0000bc4d   Thumb Code    38  _printf_charcount.o(.text)
    _printf_char_common                      0x0000bc7f   Thumb Code    32  _printf_char_common.o(.text)
    _sputc                                   0x0000bca5   Thumb Code    10  _sputc.o(.text)
    _printf_wctomb                           0x0000bcb1   Thumb Code   182  _printf_wctomb.o(.text)
    _printf_longlong_dec                     0x0000bd6d   Thumb Code    94  _printf_longlong_dec.o(.text)
    _printf_longlong_oct                     0x0000bddd   Thumb Code    68  _printf_oct_int_ll.o(.text)
    _printf_int_oct                          0x0000be21   Thumb Code    24  _printf_oct_int_ll.o(.text)
    _printf_ll_oct                           0x0000be39   Thumb Code    10  _printf_oct_int_ll.o(.text)
    _printf_longlong_hex                     0x0000be4d   Thumb Code    88  _printf_hex_int_ll_ptr.o(.text)
    _printf_int_hex                          0x0000bea5   Thumb Code    28  _printf_hex_int_ll_ptr.o(.text)
    _printf_ll_hex                           0x0000bec1   Thumb Code    10  _printf_hex_int_ll_ptr.o(.text)
    _printf_hex_ptr                          0x0000becb   Thumb Code    22  _printf_hex_int_ll_ptr.o(.text)
    __rt_udiv10                              0x0000bee5   Thumb Code    40  rtudiv10.o(.text)
    _ll_udiv10                               0x0000bf0d   Thumb Code   122  lludiv10.o(.text)
    __lib_sel_fp_printf                      0x0000bf89   Thumb Code     2  _printf_fp_dec.o(.text)
    _printf_fp_dec_real                      0x0000c123   Thumb Code   620  _printf_fp_dec.o(.text)
    _printf_cs_common                        0x0000c39d   Thumb Code    22  _printf_char.o(.text)
    _printf_char                             0x0000c3b3   Thumb Code    16  _printf_char.o(.text)
    _printf_string                           0x0000c3c3   Thumb Code     8  _printf_char.o(.text)
    _printf_lcs_common                       0x0000c3cb   Thumb Code    22  _printf_wchar.o(.text)
    _printf_wchar                            0x0000c3e1   Thumb Code    16  _printf_wchar.o(.text)
    _printf_wstring                          0x0000c3f1   Thumb Code     8  _printf_wchar.o(.text)
    _wcrtomb                                 0x0000c3f9   Thumb Code    64  _wcrtomb.o(.text)
    __user_setup_stackheap                   0x0000c439   Thumb Code    62  sys_stackheap_outer.o(.text)
    __rt_ctype_table                         0x0000c479   Thumb Code    16  rt_ctype_table.o(.text)
    __rt_locale                              0x0000c489   Thumb Code     8  rt_locale_intlibspace.o(.text)
    _printf_fp_infnan                        0x0000c491   Thumb Code   120  _printf_fp_infnan.o(.text)
    _btod_etento                             0x0000c519   Thumb Code   196  bigflt0.o(.text)
    _btod_d2e                                0x0000c5e1   Thumb Code    64  btod.o(.text)
    _btod_emul                               0x0000c9d7   Thumb Code    24  btod.o(.text)
    _btod_emuld                              0x0000c9ef   Thumb Code    60  btod.o(.text)
    _btod_ediv                               0x0000ca2b   Thumb Code    22  btod.o(.text)
    _btod_edivd                              0x0000ca41   Thumb Code    60  btod.o(.text)
    exit                                     0x0000ca89   Thumb Code    12  exit.o(.text)
    __user_libspace                          0x0000ca95   Thumb Code     8  libspace.o(.text)
    __user_perproc_libspace                  0x0000ca95   Thumb Code     0  libspace.o(.text)
    __user_perthread_libspace                0x0000ca95   Thumb Code     0  libspace.o(.text)
    __semihosting_library_function           0x0000ca9d   Thumb Code     0  indicate_semi.o(.text)
    strcmp                                   0x0000ca9d   Thumb Code   132  strcmp.o(.text)
    _sys_exit                                0x0000cb25   Thumb Code     8  sys_exit.o(.text)
    __decompress                             0x0000cb31   Thumb Code     0  __dczerorl.o(.text)
    __decompress0                            0x0000cb31   Thumb Code    58  __dczerorl.o(.text)
    __ARM_common_ll_muluu                    0x0000cb6b   Thumb Code    48  btod.o(i.__ARM_common_ll_muluu)
    __ARM_common_switch8                     0x0000cb9b   Thumb Code    28  os_core.o(i.__ARM_common_switch8)
    __ARM_fpclassify                         0x0000cbb9   Thumb Code    40  fpclassify.o(i.__ARM_fpclassify)
    _is_digit                                0x0000cbe5   Thumb Code    14  __printf_wp.o(i._is_digit)
    _get_lc_numeric                          0x0000cbf5   Thumb Code    44  lc_numeric_c.o(locale$$code)
    _get_lc_ctype                            0x0000cc21   Thumb Code    44  lc_ctype_c.o(locale$$code)
    _printf_fp_dec                           0x0000cc4d   Thumb Code    16  printf1.o(x$fpl$printf1)
    __I$use$fp                               0x0000cc5c   Number         0  usenofp.o(x$fpl$usenofp)
    OSCfg_IdleTaskStkBasePtr                 0x0000ccf8   Data           4  os_cfg_app.o(.constdata)
    OSCfg_IdleTaskStkLimit                   0x0000ccfc   Data           4  os_cfg_app.o(.constdata)
    OSCfg_IdleTaskStkSize                    0x0000cd00   Data           4  os_cfg_app.o(.constdata)
    OSCfg_IdleTaskStkSizeRAM                 0x0000cd04   Data           4  os_cfg_app.o(.constdata)
    OSCfg_IntQBasePtr                        0x0000cd08   Data           4  os_cfg_app.o(.constdata)
    OSCfg_IntQSize                           0x0000cd0c   Data           2  os_cfg_app.o(.constdata)
    OSCfg_IntQSizeRAM                        0x0000cd10   Data           4  os_cfg_app.o(.constdata)
    OSCfg_IntQTaskStkBasePtr                 0x0000cd14   Data           4  os_cfg_app.o(.constdata)
    OSCfg_IntQTaskStkLimit                   0x0000cd18   Data           4  os_cfg_app.o(.constdata)
    OSCfg_IntQTaskStkSize                    0x0000cd1c   Data           4  os_cfg_app.o(.constdata)
    OSCfg_IntQTaskStkSizeRAM                 0x0000cd20   Data           4  os_cfg_app.o(.constdata)
    OSCfg_ISRStkBasePtr                      0x0000cd24   Data           4  os_cfg_app.o(.constdata)
    OSCfg_ISRStkSize                         0x0000cd28   Data           4  os_cfg_app.o(.constdata)
    OSCfg_ISRStkSizeRAM                      0x0000cd2c   Data           4  os_cfg_app.o(.constdata)
    OSCfg_MsgPoolSize                        0x0000cd30   Data           2  os_cfg_app.o(.constdata)
    OSCfg_MsgPoolSizeRAM                     0x0000cd34   Data           4  os_cfg_app.o(.constdata)
    OSCfg_MsgPoolBasePtr                     0x0000cd38   Data           4  os_cfg_app.o(.constdata)
    OSCfg_StatTaskPrio                       0x0000cd3c   Data           1  os_cfg_app.o(.constdata)
    OSCfg_StatTaskRate_Hz                    0x0000cd40   Data           4  os_cfg_app.o(.constdata)
    OSCfg_StatTaskStkBasePtr                 0x0000cd44   Data           4  os_cfg_app.o(.constdata)
    OSCfg_StatTaskStkLimit                   0x0000cd48   Data           4  os_cfg_app.o(.constdata)
    OSCfg_StatTaskStkSize                    0x0000cd4c   Data           4  os_cfg_app.o(.constdata)
    OSCfg_StatTaskStkSizeRAM                 0x0000cd50   Data           4  os_cfg_app.o(.constdata)
    OSCfg_StkSizeMin                         0x0000cd54   Data           4  os_cfg_app.o(.constdata)
    OSCfg_TickRate_Hz                        0x0000cd58   Data           4  os_cfg_app.o(.constdata)
    OSCfg_TickTaskPrio                       0x0000cd5c   Data           1  os_cfg_app.o(.constdata)
    OSCfg_TickTaskStkBasePtr                 0x0000cd60   Data           4  os_cfg_app.o(.constdata)
    OSCfg_TickTaskStkLimit                   0x0000cd64   Data           4  os_cfg_app.o(.constdata)
    OSCfg_TickTaskStkSize                    0x0000cd68   Data           4  os_cfg_app.o(.constdata)
    OSCfg_TickTaskStkSizeRAM                 0x0000cd6c   Data           4  os_cfg_app.o(.constdata)
    OSCfg_TmrTaskPrio                        0x0000cd70   Data           1  os_cfg_app.o(.constdata)
    OSCfg_TmrTaskRate_Hz                     0x0000cd74   Data           4  os_cfg_app.o(.constdata)
    OSCfg_TmrTaskStkBasePtr                  0x0000cd78   Data           4  os_cfg_app.o(.constdata)
    OSCfg_TmrTaskStkLimit                    0x0000cd7c   Data           4  os_cfg_app.o(.constdata)
    OSCfg_TmrTaskStkSize                     0x0000cd80   Data           4  os_cfg_app.o(.constdata)
    OSCfg_TmrTaskStkSizeRAM                  0x0000cd84   Data           4  os_cfg_app.o(.constdata)
    OSCfg_DataSizeRAM                        0x0000cd88   Data           4  os_cfg_app.o(.constdata)
    OSDbg_DbgEn                              0x0000cd8c   Data           1  os_dbg.o(.constdata)
    OSDbg_ArgChkEn                           0x0000cd8d   Data           1  os_dbg.o(.constdata)
    OSDbg_AppHooksEn                         0x0000cd8e   Data           1  os_dbg.o(.constdata)
    OSDbg_EndiannessTest                     0x0000cd90   Data           4  os_dbg.o(.constdata)
    OSDbg_CalledFromISRChkEn                 0x0000cd94   Data           1  os_dbg.o(.constdata)
    OSDbg_FlagEn                             0x0000cd95   Data           1  os_dbg.o(.constdata)
    OSDbg_FlagGrp                            0x0000cd98   Data          40  os_dbg.o(.constdata)
    OSDbg_FlagDelEn                          0x0000cdc0   Data           1  os_dbg.o(.constdata)
    OSDbg_FlagModeClrEn                      0x0000cdc1   Data           1  os_dbg.o(.constdata)
    OSDbg_FlagPendAbortEn                    0x0000cdc2   Data           1  os_dbg.o(.constdata)
    OSDbg_FlagGrpSize                        0x0000cdc4   Data           2  os_dbg.o(.constdata)
    OSDbg_FlagWidth                          0x0000cdc6   Data           2  os_dbg.o(.constdata)
    OSDbg_IntQ                               0x0000cdc8   Data           2  os_dbg.o(.constdata)
    OSDbg_ISRPostDeferredEn                  0x0000cdca   Data           1  os_dbg.o(.constdata)
    OSDbg_Mem                                0x0000cdcc   Data          32  os_dbg.o(.constdata)
    OSDbg_MemEn                              0x0000cdec   Data           1  os_dbg.o(.constdata)
    OSDbg_MemSize                            0x0000cdee   Data           2  os_dbg.o(.constdata)
    OSDbg_MsgEn                              0x0000cdf0   Data           1  os_dbg.o(.constdata)
    OSDbg_MsgSize                            0x0000cdf2   Data           2  os_dbg.o(.constdata)
    OSDbg_MsgPoolSize                        0x0000cdf4   Data           2  os_dbg.o(.constdata)
    OSDbg_MsgQSize                           0x0000cdf6   Data           2  os_dbg.o(.constdata)
    OSDbg_Mutex                              0x0000cdf8   Data          44  os_dbg.o(.constdata)
    OSDbg_MutexEn                            0x0000ce24   Data           1  os_dbg.o(.constdata)
    OSDbg_MutexDelEn                         0x0000ce25   Data           1  os_dbg.o(.constdata)
    OSDbg_MutexPendAbortEn                   0x0000ce26   Data           1  os_dbg.o(.constdata)
    OSDbg_MutexSize                          0x0000ce28   Data           2  os_dbg.o(.constdata)
    OSDbg_ObjTypeChkEn                       0x0000ce2a   Data           1  os_dbg.o(.constdata)
    OSDbg_PendMultiEn                        0x0000ce2b   Data           1  os_dbg.o(.constdata)
    OSDbg_PendDataSize                       0x0000ce2c   Data           2  os_dbg.o(.constdata)
    OSDbg_PendListSize                       0x0000ce2e   Data           2  os_dbg.o(.constdata)
    OSDbg_PendObjSize                        0x0000ce30   Data           2  os_dbg.o(.constdata)
    OSDbg_PrioMax                            0x0000ce32   Data           2  os_dbg.o(.constdata)
    OSDbg_PrioTblSize                        0x0000ce34   Data           2  os_dbg.o(.constdata)
    OSDbg_PtrSize                            0x0000ce36   Data           2  os_dbg.o(.constdata)
    OSDbg_Q                                  0x0000ce38   Data          48  os_dbg.o(.constdata)
    OSDbg_QEn                                0x0000ce68   Data           1  os_dbg.o(.constdata)
    OSDbg_QDelEn                             0x0000ce69   Data           1  os_dbg.o(.constdata)
    OSDbg_QFlushEn                           0x0000ce6a   Data           1  os_dbg.o(.constdata)
    OSDbg_QPendAbortEn                       0x0000ce6b   Data           1  os_dbg.o(.constdata)
    OSDbg_QSize                              0x0000ce6c   Data           2  os_dbg.o(.constdata)
    OSDbg_SchedRoundRobinEn                  0x0000ce6e   Data           1  os_dbg.o(.constdata)
    OSDbg_Sem                                0x0000ce70   Data          40  os_dbg.o(.constdata)
    OSDbg_SemEn                              0x0000ce98   Data           1  os_dbg.o(.constdata)
    OSDbg_SemDelEn                           0x0000ce99   Data           1  os_dbg.o(.constdata)
    OSDbg_SemPendAbortEn                     0x0000ce9a   Data           1  os_dbg.o(.constdata)
    OSDbg_SemSetEn                           0x0000ce9b   Data           1  os_dbg.o(.constdata)
    OSDbg_SemSize                            0x0000ce9c   Data           2  os_dbg.o(.constdata)
    OSDbg_RdyList                            0x0000ce9e   Data           2  os_dbg.o(.constdata)
    OSDbg_RdyListSize                        0x0000cea0   Data           4  os_dbg.o(.constdata)
    OSDbg_StkWidth                           0x0000cea4   Data           1  os_dbg.o(.constdata)
    OSDbg_StatTaskEn                         0x0000cea5   Data           1  os_dbg.o(.constdata)
    OSDbg_StatTaskStkChkEn                   0x0000cea6   Data           1  os_dbg.o(.constdata)
    OSDbg_TaskChangePrioEn                   0x0000cea7   Data           1  os_dbg.o(.constdata)
    OSDbg_TaskDelEn                          0x0000cea8   Data           1  os_dbg.o(.constdata)
    OSDbg_TaskQEn                            0x0000cea9   Data           1  os_dbg.o(.constdata)
    OSDbg_TaskQPendAbortEn                   0x0000ceaa   Data           1  os_dbg.o(.constdata)
    OSDbg_TaskProfileEn                      0x0000ceab   Data           1  os_dbg.o(.constdata)
    OSDbg_TaskRegTblSize                     0x0000ceac   Data           2  os_dbg.o(.constdata)
    OSDbg_TaskSemPendAbortEn                 0x0000ceae   Data           1  os_dbg.o(.constdata)
    OSDbg_TaskSuspendEn                      0x0000ceaf   Data           1  os_dbg.o(.constdata)
    OSDbg_TCBSize                            0x0000ceb0   Data           2  os_dbg.o(.constdata)
    OSDbg_TickListSize                       0x0000ceb2   Data           2  os_dbg.o(.constdata)
    OSDbg_TimeDlyHMSMEn                      0x0000ceb4   Data           1  os_dbg.o(.constdata)
    OSDbg_TimeDlyResumeEn                    0x0000ceb5   Data           1  os_dbg.o(.constdata)
    OSDbg_TLS_TblSize                        0x0000ceb6   Data           2  os_dbg.o(.constdata)
    OSDbg_Tmr                                0x0000ceb8   Data          48  os_dbg.o(.constdata)
    OSDbg_TmrEn                              0x0000cee8   Data           1  os_dbg.o(.constdata)
    OSDbg_TmrDelEn                           0x0000cee9   Data           1  os_dbg.o(.constdata)
    OSDbg_TmrSize                            0x0000ceea   Data           2  os_dbg.o(.constdata)
    OSDbg_VersionNbr                         0x0000ceec   Data           2  os_dbg.o(.constdata)
    OSDbg_DataSize                           0x0000cef0   Data           4  os_dbg.o(.constdata)
    CPU_EndiannessTest                       0x0000cff4   Data           4  cpu_core.o(.constdata)
    Region$$Table$$Base                      0x0000d0d0   Number         0  anon$$obj.o(Region$$Table)
    Region$$Table$$Limit                     0x0000d0f0   Number         0  anon$$obj.o(Region$$Table)
    __ctype                                  0x0000d119   Data           0  lc_ctype_c.o(locale$$data)
    Math_RandSeedCur                         0x1fffe030   Data           4  lib_math.o(.data)
    Mem_SegHeadPtr                           0x1fffe034   Data           4  lib_mem.o(.data)
    OSPrioTbl                                0x1fffe038   Data           8  os_prio.o(.data)
    OS_AppTaskCreateHookPtr                  0x1fffe040   Data           4  os_var.o(.data)
    OS_AppTaskDelHookPtr                     0x1fffe044   Data           4  os_var.o(.data)
    OS_AppTaskReturnHookPtr                  0x1fffe048   Data           4  os_var.o(.data)
    OS_AppIdleTaskHookPtr                    0x1fffe04c   Data           4  os_var.o(.data)
    OS_AppStatTaskHookPtr                    0x1fffe050   Data           4  os_var.o(.data)
    OS_AppTaskSwHookPtr                      0x1fffe054   Data           4  os_var.o(.data)
    OS_AppTimeTickHookPtr                    0x1fffe058   Data           4  os_var.o(.data)
    OSIdleTaskCtr                            0x1fffe05c   Data           4  os_var.o(.data)
    OSIntNestingCtr                          0x1fffe060   Data           1  os_var.o(.data)
    OSIntDisTimeMax                          0x1fffe064   Data           4  os_var.o(.data)
    OSRunning                                0x1fffe068   Data           1  os_var.o(.data)
    OSIntQInPtr                              0x1fffe06c   Data           4  os_var.o(.data)
    OSIntQOutPtr                             0x1fffe070   Data           4  os_var.o(.data)
    OSIntQNbrEntries                         0x1fffe074   Data           2  os_var.o(.data)
    OSIntQNbrEntriesMax                      0x1fffe076   Data           2  os_var.o(.data)
    OSIntQOvfCtr                             0x1fffe078   Data           2  os_var.o(.data)
    OSIntQTaskTimeMax                        0x1fffe07c   Data           4  os_var.o(.data)
    OSFlagDbgListPtr                         0x1fffe080   Data           4  os_var.o(.data)
    OSFlagQty                                0x1fffe084   Data           2  os_var.o(.data)
    OSMemDbgListPtr                          0x1fffe088   Data           4  os_var.o(.data)
    OSMemQty                                 0x1fffe08c   Data           2  os_var.o(.data)
    OSMutexDbgListPtr                        0x1fffe090   Data           4  os_var.o(.data)
    OSMutexQty                               0x1fffe094   Data           2  os_var.o(.data)
    OSPrioCur                                0x1fffe096   Data           1  os_var.o(.data)
    OSPrioHighRdy                            0x1fffe097   Data           1  os_var.o(.data)
    OSPrioSaved                              0x1fffe098   Data           1  os_var.o(.data)
    OSQDbgListPtr                            0x1fffe09c   Data           4  os_var.o(.data)
    OSQQty                                   0x1fffe0a0   Data           2  os_var.o(.data)
    OSSchedLockTimeBegin                     0x1fffe0a4   Data           4  os_var.o(.data)
    OSSchedLockTimeMax                       0x1fffe0a8   Data           4  os_var.o(.data)
    OSSchedLockTimeMaxCur                    0x1fffe0ac   Data           4  os_var.o(.data)
    OSSchedLockNestingCtr                    0x1fffe0b0   Data           1  os_var.o(.data)
    OSSemDbgListPtr                          0x1fffe0b4   Data           4  os_var.o(.data)
    OSSemQty                                 0x1fffe0b8   Data           2  os_var.o(.data)
    OSStatResetFlag                          0x1fffe0ba   Data           1  os_var.o(.data)
    OSStatTaskCPUUsage                       0x1fffe0bc   Data           2  os_var.o(.data)
    OSStatTaskCPUUsageMax                    0x1fffe0be   Data           2  os_var.o(.data)
    OSStatTaskCtr                            0x1fffe0c0   Data           4  os_var.o(.data)
    OSStatTaskCtrMax                         0x1fffe0c4   Data           4  os_var.o(.data)
    OSStatTaskCtrRun                         0x1fffe0c8   Data           4  os_var.o(.data)
    OSStatTaskRdy                            0x1fffe0cc   Data           1  os_var.o(.data)
    OSStatTaskTimeMax                        0x1fffe0d0   Data           4  os_var.o(.data)
    OSTaskCtxSwCtr                           0x1fffe0d4   Data           4  os_var.o(.data)
    OSTaskDbgListPtr                         0x1fffe0d8   Data           4  os_var.o(.data)
    OSTaskQty                                0x1fffe0dc   Data           2  os_var.o(.data)
    OSTaskRegNextAvailID                     0x1fffe0de   Data           1  os_var.o(.data)
    OSTickCtr                                0x1fffe0e0   Data           4  os_var.o(.data)
    OSTickTaskTimeMax                        0x1fffe0e4   Data           4  os_var.o(.data)
    OSTickListDly                            0x1fffe0e8   Data           8  os_var.o(.data)
    OSTickListTimeout                        0x1fffe0f0   Data           8  os_var.o(.data)
    OSTmrDbgListPtr                          0x1fffe0f8   Data           4  os_var.o(.data)
    OSTmrListEntries                         0x1fffe0fc   Data           2  os_var.o(.data)
    OSTmrListPtr                             0x1fffe100   Data           4  os_var.o(.data)
    OSTmrQty                                 0x1fffe104   Data           2  os_var.o(.data)
    OSTmrTaskTimeMax                         0x1fffe108   Data           4  os_var.o(.data)
    OSTmrTickCtr                             0x1fffe10c   Data           4  os_var.o(.data)
    OSTmrUpdateCnt                           0x1fffe110   Data           4  os_var.o(.data)
    OSTmrUpdateCtr                           0x1fffe114   Data           4  os_var.o(.data)
    OSTCBCurPtr                              0x1fffe118   Data           4  os_var.o(.data)
    OSTCBHighRdyPtr                          0x1fffe11c   Data           4  os_var.o(.data)
    OS_CPU_ExceptStkBase                     0x1fffe120   Data           4  os_cpu_c.o(.data)
    CPU_TS_TmrFreq_Hz                        0x1fffe124   Data           4  cpu_core.o(.data)
    CPU_IntDisMeasCtr                        0x1fffe128   Data           2  cpu_core.o(.data)
    CPU_IntDisNestCtr                        0x1fffe12a   Data           2  cpu_core.o(.data)
    CPU_IntDisMeasStart_cnts                 0x1fffe12c   Data           4  cpu_core.o(.data)
    CPU_IntDisMeasStop_cnts                  0x1fffe130   Data           4  cpu_core.o(.data)
    CPU_IntDisMeasOvrhd_cnts                 0x1fffe134   Data           4  cpu_core.o(.data)
    CPU_IntDisMeasMaxCur_cnts                0x1fffe138   Data           4  cpu_core.o(.data)
    CPU_IntDisMeasMax_cnts                   0x1fffe13c   Data           4  cpu_core.o(.data)
    Mem_Heap                                 0x1ffff10c   Data        2048  lib_mem.o(.bss)
    Mem_SegHeap                              0x1ffff90c   Data          20  lib_mem.o(.bss)
    OSCfg_IdleTaskStk                        0x1ffff920   Data         512  os_cfg_app.o(.bss)
    OSCfg_IntQ                               0x1ffffb20   Data         320  os_cfg_app.o(.bss)
    OSCfg_IntQTaskStk                        0x1ffffc60   Data         512  os_cfg_app.o(.bss)
    OSCfg_ISRStk                             0x1ffffe60   Data         512  os_cfg_app.o(.bss)
    OSCfg_MsgPool                            0x20000060   Data        1600  os_cfg_app.o(.bss)
    OSCfg_StatTaskStk                        0x200006a0   Data         512  os_cfg_app.o(.bss)
    OSCfg_TickTaskStk                        0x200008a0   Data         512  os_cfg_app.o(.bss)
    OSCfg_TmrTaskStk                         0x20000aa0   Data         512  os_cfg_app.o(.bss)
    OSIdleTaskTCB                            0x20000ca0   Data         188  os_var.o(.bss)
    OSIntQTaskTCB                            0x20000d5c   Data         188  os_var.o(.bss)
    OSMsgPool                                0x20000e18   Data          12  os_var.o(.bss)
    OSRdyList                                0x20000e24   Data         768  os_var.o(.bss)
    OSStatTaskTCB                            0x20001124   Data         188  os_var.o(.bss)
    OSTickTaskTCB                            0x200011e0   Data         188  os_var.o(.bss)
    OSTmrMutex                               0x2000129c   Data          44  os_var.o(.bss)
    OSTmrTaskTCB                             0x200012c8   Data         188  os_var.o(.bss)
    CPU_Name                                 0x20001384   Data          16  cpu_core.o(.bss)
    __libspace_start                         0x20001394   Data          96  libspace.o(.bss)
    __temporary_stack_top$libspace           0x200013f4   Data           0  libspace.o(.bss)



==============================================================================

Memory Map of the image

  Image Entry point : 0x000000c1

  Load Region LR_IROM1 (Base: 0x00000000, Size: 0x0000d35c, Max: 0x00040000, ABSOLUTE, COMPRESSED[0x0000d248])

    Execution Region ER_IROM1 (Base: 0x00000000, Size: 0x0000d21c, Max: 0x00040000, ABSOLUTE)

    Base Addr    Size         Type   Attr      Idx    E Section Name        Object

    0x00000000   0x000000c0   Data   RO          251    RESET               cstartup.o
    0x000000c0   0x00000008   Code   RO          752  * !!!main             c_p.l(__main.o)
    0x000000c8   0x0000003c   Code   RO         1226    !!!scatter          c_p.l(__scatter.o)
    0x00000104   0x0000001c   Code   RO         1228    !!handler_zi        c_p.l(__scatter_zi.o)
    0x00000120   0x00000002   Code   RO          745    .ARM.Collect$$_printf_percent$$00000000  c_p.l(_printf_percent.o)
    0x00000122   0x0000000a   Code   RO          813    .ARM.Collect$$_printf_percent$$00000001  c_p.l(_printf_n.o)
    0x0000012c   0x0000000a   Code   RO          815    .ARM.Collect$$_printf_percent$$00000002  c_p.l(_printf_p.o)
    0x00000136   0x0000000a   Code   RO          819    .ARM.Collect$$_printf_percent$$00000003  c_p.l(_printf_f.o)
    0x00000140   0x0000000a   Code   RO          820    .ARM.Collect$$_printf_percent$$00000004  c_p.l(_printf_e.o)
    0x0000014a   0x0000000a   Code   RO          821    .ARM.Collect$$_printf_percent$$00000005  c_p.l(_printf_g.o)
    0x00000154   0x0000000a   Code   RO          822    .ARM.Collect$$_printf_percent$$00000006  c_p.l(_printf_a.o)
    0x0000015e   0x0000000a   Code   RO          827    .ARM.Collect$$_printf_percent$$00000007  c_p.l(_printf_ll.o)
    0x00000168   0x0000000a   Code   RO          817    .ARM.Collect$$_printf_percent$$00000008  c_p.l(_printf_i.o)
    0x00000172   0x0000000a   Code   RO          744    .ARM.Collect$$_printf_percent$$00000009  c_p.l(_printf_d.o)
    0x0000017c   0x0000000a   Code   RO          818    .ARM.Collect$$_printf_percent$$0000000A  c_p.l(_printf_u.o)
    0x00000186   0x0000000a   Code   RO          816    .ARM.Collect$$_printf_percent$$0000000B  c_p.l(_printf_o.o)
    0x00000190   0x0000000a   Code   RO          814    .ARM.Collect$$_printf_percent$$0000000C  c_p.l(_printf_x.o)
    0x0000019a   0x0000000a   Code   RO          824    .ARM.Collect$$_printf_percent$$0000000D  c_p.l(_printf_lli.o)
    0x000001a4   0x0000000a   Code   RO          825    .ARM.Collect$$_printf_percent$$0000000E  c_p.l(_printf_lld.o)
    0x000001ae   0x0000000a   Code   RO          826    .ARM.Collect$$_printf_percent$$0000000F  c_p.l(_printf_llu.o)
    0x000001b8   0x0000000a   Code   RO          831    .ARM.Collect$$_printf_percent$$00000010  c_p.l(_printf_llo.o)
    0x000001c2   0x0000000a   Code   RO          832    .ARM.Collect$$_printf_percent$$00000011  c_p.l(_printf_llx.o)
    0x000001cc   0x0000000a   Code   RO          828    .ARM.Collect$$_printf_percent$$00000012  c_p.l(_printf_l.o)
    0x000001d6   0x0000000a   Code   RO          811    .ARM.Collect$$_printf_percent$$00000013  c_p.l(_printf_c.o)
    0x000001e0   0x0000000a   Code   RO          812    .ARM.Collect$$_printf_percent$$00000014  c_p.l(_printf_s.o)
    0x000001ea   0x0000000a   Code   RO          829    .ARM.Collect$$_printf_percent$$00000015  c_p.l(_printf_lc.o)
    0x000001f4   0x0000000a   Code   RO          830    .ARM.Collect$$_printf_percent$$00000016  c_p.l(_printf_ls.o)
    0x000001fe   0x00000004   Code   RO          823    .ARM.Collect$$_printf_percent$$00000017  c_p.l(_printf_percent_end.o)
    0x00000202   0x00000002   Code   RO         1001    .ARM.Collect$$libinit$$00000000  c_p.l(libinit.o)
    0x00000204   0x00000000   Code   RO         1003    .ARM.Collect$$libinit$$00000002  c_p.l(libinit2.o)
    0x00000204   0x00000000   Code   RO         1005    .ARM.Collect$$libinit$$00000004  c_p.l(libinit2.o)
    0x00000204   0x00000000   Code   RO         1008    .ARM.Collect$$libinit$$0000000A  c_p.l(libinit2.o)
    0x00000204   0x00000000   Code   RO         1010    .ARM.Collect$$libinit$$0000000C  c_p.l(libinit2.o)
    0x00000204   0x00000000   Code   RO         1012    .ARM.Collect$$libinit$$0000000E  c_p.l(libinit2.o)
    0x00000204   0x00000006   Code   RO         1013    .ARM.Collect$$libinit$$0000000F  c_p.l(libinit2.o)
    0x0000020a   0x00000000   Code   RO         1015    .ARM.Collect$$libinit$$00000011  c_p.l(libinit2.o)
    0x0000020a   0x0000000c   Code   RO         1016    .ARM.Collect$$libinit$$00000012  c_p.l(libinit2.o)
    0x00000216   0x00000000   Code   RO         1017    .ARM.Collect$$libinit$$00000013  c_p.l(libinit2.o)
    0x00000216   0x00000000   Code   RO         1019    .ARM.Collect$$libinit$$00000015  c_p.l(libinit2.o)
    0x00000216   0x0000000a   Code   RO         1020    .ARM.Collect$$libinit$$00000016  c_p.l(libinit2.o)
    0x00000220   0x00000000   Code   RO         1021    .ARM.Collect$$libinit$$00000017  c_p.l(libinit2.o)
    0x00000220   0x00000000   Code   RO         1023    .ARM.Collect$$libinit$$00000019  c_p.l(libinit2.o)
    0x00000220   0x00000000   Code   RO         1025    .ARM.Collect$$libinit$$0000001B  c_p.l(libinit2.o)
    0x00000220   0x00000000   Code   RO         1027    .ARM.Collect$$libinit$$0000001D  c_p.l(libinit2.o)
    0x00000220   0x00000000   Code   RO         1029    .ARM.Collect$$libinit$$0000001F  c_p.l(libinit2.o)
    0x00000220   0x00000000   Code   RO         1031    .ARM.Collect$$libinit$$00000021  c_p.l(libinit2.o)
    0x00000220   0x00000000   Code   RO         1033    .ARM.Collect$$libinit$$00000023  c_p.l(libinit2.o)
    0x00000220   0x00000000   Code   RO         1035    .ARM.Collect$$libinit$$00000025  c_p.l(libinit2.o)
    0x00000220   0x00000000   Code   RO         1039    .ARM.Collect$$libinit$$0000002C  c_p.l(libinit2.o)
    0x00000220   0x00000000   Code   RO         1041    .ARM.Collect$$libinit$$0000002E  c_p.l(libinit2.o)
    0x00000220   0x00000000   Code   RO         1043    .ARM.Collect$$libinit$$00000030  c_p.l(libinit2.o)
    0x00000220   0x00000000   Code   RO         1045    .ARM.Collect$$libinit$$00000032  c_p.l(libinit2.o)
    0x00000220   0x00000002   Code   RO         1046    .ARM.Collect$$libinit$$00000033  c_p.l(libinit2.o)
    0x00000222   0x00000002   Code   RO         1205    .ARM.Collect$$libshutdown$$00000000  c_p.l(libshutdown.o)
    0x00000224   0x00000000   Code   RO         1049    .ARM.Collect$$libshutdown$$00000003  c_p.l(libshutdown2.o)
    0x00000224   0x00000000   Code   RO         1052    .ARM.Collect$$libshutdown$$00000006  c_p.l(libshutdown2.o)
    0x00000224   0x00000000   Code   RO         1055    .ARM.Collect$$libshutdown$$00000009  c_p.l(libshutdown2.o)
    0x00000224   0x00000000   Code   RO         1057    .ARM.Collect$$libshutdown$$0000000B  c_p.l(libshutdown2.o)
    0x00000224   0x00000000   Code   RO         1060    .ARM.Collect$$libshutdown$$0000000E  c_p.l(libshutdown2.o)
    0x00000224   0x00000002   Code   RO         1061    .ARM.Collect$$libshutdown$$0000000F  c_p.l(libshutdown2.o)
    0x00000226   0x00000000   Code   RO          754    .ARM.Collect$$rtentry$$00000000  c_p.l(__rtentry.o)
    0x00000226   0x00000000   Code   RO          844    .ARM.Collect$$rtentry$$00000002  c_p.l(__rtentry2.o)
    0x00000226   0x00000006   Code   RO          856    .ARM.Collect$$rtentry$$00000004  c_p.l(__rtentry4.o)
    0x0000022c   0x00000000   Code   RO          846    .ARM.Collect$$rtentry$$00000009  c_p.l(__rtentry2.o)
    0x0000022c   0x00000004   Code   RO          847    .ARM.Collect$$rtentry$$0000000A  c_p.l(__rtentry2.o)
    0x00000230   0x00000000   Code   RO          849    .ARM.Collect$$rtentry$$0000000C  c_p.l(__rtentry2.o)
    0x00000230   0x00000008   Code   RO          850    .ARM.Collect$$rtentry$$0000000D  c_p.l(__rtentry2.o)
    0x00000238   0x00000002   Code   RO         1076    .ARM.Collect$$rtexit$$00000000  c_p.l(rtexit.o)
    0x0000023a   0x00000000   Code   RO         1143    .ARM.Collect$$rtexit$$00000002  c_p.l(rtexit2.o)
    0x0000023a   0x00000004   Code   RO         1144    .ARM.Collect$$rtexit$$00000003  c_p.l(rtexit2.o)
    0x0000023e   0x00000006   Code   RO         1145    .ARM.Collect$$rtexit$$00000004  c_p.l(rtexit2.o)
    0x00000244   0x00000050   Code   RO          215    .text               cpu_bsp.o
    0x00000294   0x00000030   Code   RO          253    .text               cstartup.o
    0x000002c4   0x00000094   Code   RO          340    .text               lib_math.o
    0x00000358   0x00000002   Code   RO          406    .text               os_cfg_app.o
    0x0000035a   0x00000002   PAD
    0x0000035c   0x00000084   Code   RO          533    .text               os_prio.o
    0x000003e0   0x0000001e   Code   RO          695    .text               cpu_a.o
    0x000003fe   0x00000002   Code   RO         1072    .text               c_p.l(use_no_semi.o)
    0x00000400   0x00000010   Code   RO          252    .ARM.__at_0x400     cstartup.o
    0x00000410   0x000003a4   Code   RO            1    .text               app.o
    0x000007b4   0x00000754   Code   RO          144    .text               bsp.o
    0x00000f08   0x0000024c   Code   RO          198    .text               bsp_int.o
    0x00001154   0x00000310   Code   RO          260    .text               bsp_lcd.o
    0x00001464   0x00000380   Code   RO          292    .text               bsp_uart.o
    0x000017e4   0x0000025a   Code   RO          322    .text               lib_ascii.o
    0x00001a3e   0x00000002   PAD
    0x00001a40   0x00000b90   Code   RO          367    .text               lib_mem.o
    0x000025d0   0x0000099c   Code   RO          389    .text               lib_str.o
    0x00002f6c   0x00000c6c   Code   RO          432    .text               os_core.o
    0x00003bd8   0x000001ac   Code   RO          446    .text               os_dbg.o
    0x00003d84   0x00000eb8   Code   RO          461    .text               os_flag.o
    0x00004c3c   0x0000044c   Code   RO          473    .text               os_int.o
    0x00005088   0x00000208   Code   RO          485    .text               os_mem.o
    0x00005290   0x000001b4   Code   RO          497    .text               os_msg.o
    0x00005444   0x00000c94   Code   RO          509    .text               os_mutex.o
    0x000060d8   0x000008ac   Code   RO          552    .text               os_q.o
    0x00006984   0x00000838   Code   RO          564    .text               os_sem.o
    0x000071bc   0x00000710   Code   RO          576    .text               os_stat.o
    0x000078cc   0x00001e14   Code   RO          588    .text               os_task.o
    0x000096e0   0x00000608   Code   RO          600    .text               os_tick.o
    0x00009ce8   0x000005c0   Code   RO          612    .text               os_time.o
    0x0000a2a8   0x0000061c   Code   RO          624    .text               os_tmr.o
    0x0000a8c4   0x0000009c   Code   RO          650    .text               os_cpu_a.o
    0x0000a960   0x00000260   Code   RO          653    .text               os_cpu_c.o
    0x0000abc0   0x000004d8   Code   RO          675    .text               cpu_core.o
    0x0000b098   0x000005c4   Code   RO          698    .text               cpu_c.o
    0x0000b65c   0x00000102   Code   RO          712    .text               c_p.l(lludiv.o)
    0x0000b75e   0x00000002   PAD
    0x0000b760   0x00000024   Code   RO          714    .text               c_p.l(c89vsprintf.o)
    0x0000b784   0x0000006c   Code   RO          722    .text               c_p.l(_printf_dec.o)
    0x0000b7f0   0x00000188   Code   RO          741    .text               c_p.l(__printf_flags_ss_wp.o)
    0x0000b978   0x0000015a   Code   RO          746    .text               c_p.l(aeabi_sdiv.o)
    0x0000bad2   0x00000006   Code   RO          750    .text               c_p.l(heapauxi.o)
    0x0000bad8   0x0000004e   Code   RO          763    .text               c_p.l(_printf_pad.o)
    0x0000bb26   0x00000024   Code   RO          765    .text               c_p.l(_printf_truncate.o)
    0x0000bb4a   0x00000052   Code   RO          767    .text               c_p.l(_printf_str.o)
    0x0000bb9c   0x000000b0   Code   RO          769    .text               c_p.l(_printf_intcommon.o)
    0x0000bc4c   0x00000026   Code   RO          771    .text               c_p.l(_printf_charcount.o)
    0x0000bc72   0x00000002   PAD
    0x0000bc74   0x00000030   Code   RO          773    .text               c_p.l(_printf_char_common.o)
    0x0000bca4   0x0000000a   Code   RO          775    .text               c_p.l(_sputc.o)
    0x0000bcae   0x00000002   PAD
    0x0000bcb0   0x000000bc   Code   RO          779    .text               c_p.l(_printf_wctomb.o)
    0x0000bd6c   0x00000070   Code   RO          782    .text               c_p.l(_printf_longlong_dec.o)
    0x0000bddc   0x00000070   Code   RO          788    .text               c_p.l(_printf_oct_int_ll.o)
    0x0000be4c   0x00000098   Code   RO          808    .text               c_p.l(_printf_hex_int_ll_ptr.o)
    0x0000bee4   0x00000028   Code   RO          839    .text               c_p.l(rtudiv10.o)
    0x0000bf0c   0x0000007a   Code   RO          860    .text               c_p.l(lludiv10.o)
    0x0000bf86   0x00000002   PAD
    0x0000bf88   0x00000414   Code   RO          862    .text               c_p.l(_printf_fp_dec.o)
    0x0000c39c   0x0000002e   Code   RO          866    .text               c_p.l(_printf_char.o)
    0x0000c3ca   0x0000002e   Code   RO          868    .text               c_p.l(_printf_wchar.o)
    0x0000c3f8   0x00000040   Code   RO          884    .text               c_p.l(_wcrtomb.o)
    0x0000c438   0x0000003e   Code   RO          893    .text               c_p.l(sys_stackheap_outer.o)
    0x0000c476   0x00000002   PAD
    0x0000c478   0x00000010   Code   RO          896    .text               c_p.l(rt_ctype_table.o)
    0x0000c488   0x00000008   Code   RO          901    .text               c_p.l(rt_locale_intlibspace.o)
    0x0000c490   0x00000088   Code   RO          959    .text               c_p.l(_printf_fp_infnan.o)
    0x0000c518   0x000000c8   Code   RO          961    .text               c_p.l(bigflt0.o)
    0x0000c5e0   0x000004a8   Code   RO          964    .text               c_p.l(btod.o)
    0x0000ca88   0x0000000c   Code   RO          984    .text               c_p.l(exit.o)
    0x0000ca94   0x00000008   Code   RO         1069    .text               c_p.l(libspace.o)
    0x0000ca9c   0x00000000   Code   RO         1074    .text               c_p.l(indicate_semi.o)
    0x0000ca9c   0x00000088   Code   RO         1134    .text               c_p.l(strcmp.o)
    0x0000cb24   0x0000000c   Code   RO         1140    .text               c_p.l(sys_exit.o)
    0x0000cb30   0x0000003a   Code   RO         1224    .text               c_p.l(__dczerorl.o)
    0x0000cb6a   0x00000030   Code   RO          966    i.__ARM_common_ll_muluu  c_p.l(btod.o)
    0x0000cb9a   0x0000001c   Code   RO          441    i.__ARM_common_switch8  os_core.o
    0x0000cbb6   0x00000002   PAD
    0x0000cbb8   0x0000002c   Code   RO         1067    i.__ARM_fpclassify  m_ps.l(fpclassify.o)
    0x0000cbe4   0x0000000e   Code   RO          734    i._is_digit         c_p.l(__printf_wp.o)
    0x0000cbf2   0x00000002   PAD
    0x0000cbf4   0x0000002c   Code   RO          982    locale$$code        c_p.l(lc_numeric_c.o)
    0x0000cc20   0x0000002c   Code   RO         1118    locale$$code        c_p.l(lc_ctype_c.o)
    0x0000cc4c   0x00000010   Code   RO          841    x$fpl$printf1       fz_ps.l(printf1.o)
    0x0000cc5c   0x00000000   Code   RO         1066    x$fpl$usenofp       fz_ps.l(usenofp.o)
    0x0000cc5c   0x00000008   Data   RO          293    .constdata          bsp_uart.o
    0x0000cc64   0x00000094   Data   RO          390    .constdata          lib_str.o
    0x0000ccf8   0x00000094   Data   RO          408    .constdata          os_cfg_app.o
    0x0000cd8c   0x00000168   Data   RO          447    .constdata          os_dbg.o
    0x0000cef4   0x00000104   Data   RO          677    .constdata          cpu_core.o
    0x0000cff8   0x00000011   Data   RO          742    .constdata          c_p.l(__printf_flags_ss_wp.o)
    0x0000d009   0x00000003   PAD
    0x0000d00c   0x00000008   Data   RO          780    .constdata          c_p.l(_printf_wctomb.o)
    0x0000d014   0x00000028   Data   RO          809    .constdata          c_p.l(_printf_hex_int_ll_ptr.o)
    0x0000d03c   0x00000094   Data   RO          962    .constdata          c_p.l(bigflt0.o)
    0x0000d0d0   0x00000020   Data   RO         1222    Region$$Table       anon$$obj.o
    0x0000d0f0   0x0000001c   Data   RO          981    locale$$data        c_p.l(lc_numeric_c.o)
    0x0000d10c   0x00000110   Data   RO         1117    locale$$data        c_p.l(lc_ctype_c.o)


    Execution Region RW_IRAM1 (Base: 0x1fffe000, Size: 0x000034f8, Max: 0x00008000, ABSOLUTE, COMPRESSED[0x0000002c])

    Base Addr    Size         Type   Attr      Idx    E Section Name        Object

    0x1fffe000   0x00000006   Data   RW            3    .data               app.o
    0x1fffe006   0x00000002   PAD
    0x1fffe008   0x00000004   Data   RW          146    .data               bsp.o
    0x1fffe00c   0x00000020   Data   RW          261    .data               bsp_lcd.o
    0x1fffe02c   0x00000003   Data   RW          294    .data               bsp_uart.o
    0x1fffe02f   0x00000001   PAD
    0x1fffe030   0x00000004   Data   RW          341    .data               lib_math.o
    0x1fffe034   0x00000004   Data   RW          369    .data               lib_mem.o
    0x1fffe038   0x00000008   Data   RW          534    .data               os_prio.o
    0x1fffe040   0x000000e0   Data   RW          637    .data               os_var.o
    0x1fffe120   0x00000004   Data   RW          654    .data               os_cpu_c.o
    0x1fffe124   0x0000001c   Data   RW          678    .data               cpu_core.o
    0x1fffe140   0x00000e08   Zero   RW            2    .bss                app.o
    0x1fffef48   0x0000001a   Zero   RW          145    .bss                bsp.o
    0x1fffef62   0x00000002   PAD
    0x1fffef64   0x000001a8   Zero   RW          199    .bss                bsp_int.o
    0x1ffff10c   0x00000814   Zero   RW          368    .bss                lib_mem.o
    0x1ffff920   0x00001380   Zero   RW          407    .bss                os_cfg_app.o
    0x20000ca0   0x000006e4   Zero   RW          636    .bss                os_var.o
    0x20001384   0x00000010   Zero   RW          676    .bss                cpu_core.o
    0x20001394   0x00000060   Zero   RW         1070    .bss                c_p.l(libspace.o)
    0x200013f4   0x00000004   PAD
    0x200013f8   0x00000000   Zero   RW          250    HEAP                cstartup.o
    0x200013f8   0x00000100   Zero   RW          249    STACK               cstartup.o


==============================================================================

Image component sizes


      Code (inc. data)   RO Data    RW Data    ZI Data      Debug   Object Name

       932        240          0          6       3592      31333   app.o
      1876         98          0          4         26     225856   bsp.o
       588          8          0          0        424       6964   bsp_int.o
       784         50          0         32          0       5519   bsp_lcd.o
       896         40          8          3          0       5092   bsp_uart.o
        30          0          0          0          0        452   cpu_a.o
        80          4          0          0          0       2919   cpu_bsp.o
      1476        136          0          0          0       3601   cpu_c.o
      1240         50        260         28         16       9947   cpu_core.o
        64         38        192          0        256        916   cstartup.o
       602          0          0          0          0      15016   lib_ascii.o
       148         14          0          4          0       2476   lib_math.o
      2960        106          0          4       2068      26597   lib_mem.o
      2460         10        148          0          0      13662   lib_str.o
         0          0          0          0          0      27006   os_app_hooks.o
         2          0        148          0       4992      21767   os_cfg_app.o
      3208        276          0          0          0      11287   os_core.o
       156         42          0          0          0        532   os_cpu_a.o
       608         98          0          4          0      23027   os_cpu_c.o
       428        280        360          0          0       5029   os_dbg.o
      3768        152          0          0          0       8195   os_flag.o
      1100        152          0          0          0       2504   os_int.o
       520         24          0          0          0       2760   os_mem.o
       436         20          0          0          0       2710   os_msg.o
      3220        160          0          0          0       6078   os_mutex.o
       132          4          0          8          0       2008   os_prio.o
      2220        108          0          0          0       6348   os_q.o
      2104        114          0          0          0       6332   os_sem.o
      1808        206          0          0          0       3169   os_stat.o
      7700        352          0          0          0      13998   os_task.o
      1544         98          0          0          0       4072   os_tick.o
      1472         70          0          0          0       3393   os_time.o
      1564        164          0          0          0       6007   os_tmr.o
         0          0          0        224       1764      19452   os_var.o

    ----------------------------------------------------------------------
     46132       3114       1148        320      13140     526024   Object Totals
         0          0         32          0          0          0   (incl. Generated)
         6          0          0          3          2          0   (incl. Padding)

    ----------------------------------------------------------------------

      Code (inc. data)   RO Data    RW Data    ZI Data      Debug   Library Member Name

        58          0          0          0          0          0   __dczerorl.o
         8          0          0          0          0         68   __main.o
       392          6         17          0          0         76   __printf_flags_ss_wp.o
        14          0          0          0          0         60   __printf_wp.o
         0          0          0          0          0          0   __rtentry.o
        12          0          0          0          0          0   __rtentry2.o
         6          0          0          0          0          0   __rtentry4.o
        60          8          0          0          0          0   __scatter.o
        28          0          0          0          0          0   __scatter_zi.o
        10          0          0          0          0          0   _printf_a.o
        10          0          0          0          0          0   _printf_c.o
        46          0          0          0          0        100   _printf_char.o
        48          6          0          0          0         88   _printf_char_common.o
        38          0          0          0          0         60   _printf_charcount.o
        10          0          0          0          0          0   _printf_d.o
       108         18          0          0          0         76   _printf_dec.o
        10          0          0          0          0          0   _printf_e.o
        10          0          0          0          0          0   _printf_f.o
      1044         14          0          0          0        176   _printf_fp_dec.o
       136         16          0          0          0         76   _printf_fp_infnan.o
        10          0          0          0          0          0   _printf_g.o
       152          4         40          0          0        148   _printf_hex_int_ll_ptr.o
        10          0          0          0          0          0   _printf_i.o
       176          0          0          0          0         84   _printf_intcommon.o
        10          0          0          0          0          0   _printf_l.o
        10          0          0          0          0          0   _printf_lc.o
        10          0          0          0          0          0   _printf_ll.o
        10          0          0          0          0          0   _printf_lld.o
        10          0          0          0          0          0   _printf_lli.o
        10          0          0          0          0          0   _printf_llo.o
        10          0          0          0          0          0   _printf_llu.o
        10          0          0          0          0          0   _printf_llx.o
       112         18          0          0          0         76   _printf_longlong_dec.o
        10          0          0          0          0          0   _printf_ls.o
        10          0          0          0          0          0   _printf_n.o
        10          0          0          0          0          0   _printf_o.o
       112         10          0          0          0        112   _printf_oct_int_ll.o
        10          0          0          0          0          0   _printf_p.o
        78          0          0          0          0        100   _printf_pad.o
         2          0          0          0          0          0   _printf_percent.o
         4          0          0          0          0          0   _printf_percent_end.o
        10          0          0          0          0          0   _printf_s.o
        82          0          0          0          0         72   _printf_str.o
        36          0          0          0          0         76   _printf_truncate.o
        10          0          0          0          0          0   _printf_u.o
        46          0          0          0          0        100   _printf_wchar.o
       188          6          8          0          0         80   _printf_wctomb.o
        10          0          0          0          0          0   _printf_x.o
        10          0          0          0          0         60   _sputc.o
        64          0          0          0          0         72   _wcrtomb.o
       346          0          0          0          0         92   aeabi_sdiv.o
       200          4        148          0          0         80   bigflt0.o
      1240         12          0          0          0        316   btod.o
        36          4          0          0          0         68   c89vsprintf.o
        12          0          0          0          0         64   exit.o
         6          0          0          0          0        136   heapauxi.o
         0          0          0          0          0          0   indicate_semi.o
        44         10        272          0          0         76   lc_ctype_c.o
        44         10         28          0          0         76   lc_numeric_c.o
         2          0          0          0          0          0   libinit.o
        30          0          0          0          0          0   libinit2.o
         2          0          0          0          0          0   libshutdown.o
         2          0          0          0          0          0   libshutdown2.o
         8          4          0          0         96         68   libspace.o
       258          0          0          0          0         88   lludiv.o
       122          0          0          0          0         72   lludiv10.o
        16          4          0          0          0         76   rt_ctype_table.o
         8          4          0          0          0         68   rt_locale_intlibspace.o
         2          0          0          0          0          0   rtexit.o
        10          0          0          0          0          0   rtexit2.o
        40          0          0          0          0         60   rtudiv10.o
       136          4          0          0          0         72   strcmp.o
        12          4          0          0          0         60   sys_exit.o
        62          0          0          0          0         80   sys_stackheap_outer.o
         2          0          0          0          0         68   use_no_semi.o
        16          4          0          0          0         76   printf1.o
         0          0          0          0          0          0   usenofp.o
        44          4          0          0          0         60   fpclassify.o

    ----------------------------------------------------------------------
      5992        174        516          0        100       3516   Library Totals
        12          0          3          0          4          0   (incl. Padding)

    ----------------------------------------------------------------------

      Code (inc. data)   RO Data    RW Data    ZI Data      Debug   Library Name

      5920        166        513          0         96       3380   c_p.l
        16          4          0          0          0         76   fz_ps.l
        44          4          0          0          0         60   m_ps.l

    ----------------------------------------------------------------------
      5992        174        516          0        100       3516   Library Totals

    ----------------------------------------------------------------------

==============================================================================


      Code (inc. data)   RO Data    RW Data    ZI Data      Debug   

     52124       3288       1664        320      13240     525488   Grand Totals
     52124       3288       1664         44      13240     525488   ELF Image Totals (compressed)
     52124       3288       1664         44          0          0   ROM Totals

==============================================================================

    Total RO  Size (Code + RO Data)                53788 (  52.53kB)
    Total RW  Size (RW Data + ZI Data)             13560 (  13.24kB)
    Total ROM Size (Code + RO Data + RW Data)      53832 (  52.57kB)

==============================================================================

