<html>
<body>
<pre>
<h1>µVision Build Log</h1>
<h2>Tool Versions:</h2>
IDE-Version: µVision V5.15
Copyright (C) 2015 ARM Ltd and ARM Germany GmbH. All rights reserved.
License Information: Lin AutoBVT, Microsoft, LIC=UJWGK-ZPALI-VD4KA-1PZYG-UDXAU-FUK4N
 
Tool Versions:
Toolchain:       MDK-ARM Standard  Version: 5.15.0
Toolchain Path:  D:\Keil_v5\ARM\ARMCC\Bin
C Compiler:      Armcc.exe V5.05 update 2 (build 169)
Assembler:       Armasm.exe V5.05 update 2 (build 169)
Linker/Locator:  ArmLink.exe V5.05 update 2 (build 169)
Library Manager: ArmAr.exe V5.05 update 2 (build 169)
Hex Converter:   FromElf.exe V5.05 update 2 (build 169)
CPU DLL:         SARMCM3.DLL V5.15.0
Dialog DLL:      DARMCM1.DLL V1.12.0.0
Target DLL:      CMSIS_AGDI.dll V1.21.12.0
Dialog DLL:      TARMCM1.DLL V1.9.0.0
 
<h2>Project:</h2>
C:\Users\Administrator\Desktop\learning_20151113\KL46_StepCounter\Micrium_FRDM-KL46Z_OS3\Micrium\Examples\Freescale\FRDM-KL46Z\OS3\Keil MDK\Micrium_FRDM-KL46Z_OS3.uvprojx
Project File Date:  11/15/2015

<h2>Output:</h2>
*** Using Compiler 'V5.05 update 2 (build 169)', folder: 'D:\Keil_v5\ARM\ARMCC\Bin'
Rebuild target 'Micrium_FRDM-KL46Z_OS3'
compiling app.c...
..\app.c(454): warning:  #550-D: variable "p_msg" was set but never used
      void         *p_msg;
..\app.c(458): warning:  #550-D: variable "ts_delta" was set but never used
      CPU_TS       ts_delta;
..\app.c: 2 warnings, 0 errors
compiling os_app_hooks.c...
compiling bsp.c...
compiling bsp_int.c...
compiling cpu_bsp.c...
compiling bsp_os.c...
assembling cstartup.s...
compiling bsp_lcd.c...
compiling bsp_i2c.c...
..\..\BSP\bsp_i2c.c(199): warning:  #186-D: pointless comparison of unsigned integer with zero
      if (I2C_No < 0 || I2C_No > 1) {
..\..\BSP\bsp_i2c.c(241): warning:  #186-D: pointless comparison of unsigned integer with zero
      if (I2C_No < 0 || I2C_No > 1) {
..\..\BSP\bsp_i2c.c(255): warning:  #186-D: pointless comparison of unsigned integer with zero
      if (I2C_No < 0 || I2C_No > 1) {
..\..\BSP\bsp_i2c.c: 3 warnings, 0 errors
compiling bsp_uart.c...
compiling bsp_mma8451q.c...
assembling bsp_mma8451q.s...
compiling lib_ascii.c...
compiling lib_math.c...
compiling lib_mem.c...
compiling lib_str.c...
compiling os_cfg_app.c...
compiling os_core.c...
compiling os_dbg.c...
compiling os_flag.c...
compiling os_int.c...
compiling os_mem.c...
compiling os_msg.c...
compiling os_mutex.c...
compiling os_pend_multi.c...
compiling os_prio.c...
compiling os_q.c...
compiling os_sem.c...
compiling os_stat.c...
compiling os_task.c...
compiling os_tick.c...
compiling os_time.c...
compiling os_tmr.c...
compiling os_var.c...
assembling os_cpu_a.s...
compiling os_cpu_c.c...
compiling cpu_core.c...
assembling cpu_a.asm...
compiling cpu_c.c...
linking...
Program Size: Code=52124 RO-data=1664 RW-data=320 ZI-data=13240  
FromELF: creating hex file...
".\Output\Micrium_FRDM-KL46Z_OS3.axf" - 0 Error(s), 5 Warning(s).

<h2>Collection of Component include folders:</h2>
  C:\Users\Administrator\Desktop\learning_20151113\KL46_StepCounter\Micrium_FRDM-KL46Z_OS3\Micrium\Examples\Freescale\FRDM-KL46Z\OS3\Keil MDK\RTE
  D:\Keil_v5\ARM\PACK\Keil\Kinetis_KLxx_DFP\1.8.0\Device\Include

<h2>Collection of Component Files used:</h2>
</pre>
</body>
</html>
